Archive member included because of file (symbol)

C:/Users/Yakir/Desktop/ai-thinker/GPRS_C_SDK/build/mqtt/init/lib\libinit_debug.a(sdk_init.o)
                              (user_Main)
C:/Users/Yakir/Desktop/ai-thinker/GPRS_C_SDK/build/mqtt/demo/mqtt/lib\libmqtt_debug.a(demo_mqtt.o)
                              C:/Users/Yakir/Desktop/ai-thinker/GPRS_C_SDK/build/mqtt/init/lib\libinit_debug.a(sdk_init.o) (mqtt_Main)

Allocating common symbols
Common symbol       size              file

ci                  0x44              C:/Users/Yakir/Desktop/ai-thinker/GPRS_C_SDK/build/mqtt/demo/mqtt/lib\libmqtt_debug.a(demo_mqtt.o)
temp000___          0x4               C:/Users/Yakir/Desktop/ai-thinker/GPRS_C_SDK/build/mqtt/init/lib\libinit_debug.a(sdk_init.o)

Discarded input sections

 .text          0x0000000000000000        0x0 C:/Users/Yakir/Desktop/ai-thinker/GPRS_C_SDK/build/mqtt/init/lib\libinit_debug.a(sdk_init.o)
 .data          0x0000000000000000        0x0 C:/Users/Yakir/Desktop/ai-thinker/GPRS_C_SDK/build/mqtt/init/lib\libinit_debug.a(sdk_init.o)
 .bss           0x0000000000000000        0x0 C:/Users/Yakir/Desktop/ai-thinker/GPRS_C_SDK/build/mqtt/init/lib\libinit_debug.a(sdk_init.o)
 .pdr           0x0000000000000000       0x40 C:/Users/Yakir/Desktop/ai-thinker/GPRS_C_SDK/build/mqtt/init/lib\libinit_debug.a(sdk_init.o)
 .text          0x0000000000000000        0x0 C:/Users/Yakir/Desktop/ai-thinker/GPRS_C_SDK/build/mqtt/demo/mqtt/lib\libmqtt_debug.a(demo_mqtt.o)
 .data          0x0000000000000000        0x0 C:/Users/Yakir/Desktop/ai-thinker/GPRS_C_SDK/build/mqtt/demo/mqtt/lib\libmqtt_debug.a(demo_mqtt.o)
 .bss           0x0000000000000000        0x0 C:/Users/Yakir/Desktop/ai-thinker/GPRS_C_SDK/build/mqtt/demo/mqtt/lib\libmqtt_debug.a(demo_mqtt.o)
 .reginfo       0x0000000000000000       0x18 C:/Users/Yakir/Desktop/ai-thinker/GPRS_C_SDK/build/mqtt/demo/mqtt/lib\libmqtt_debug.a(demo_mqtt.o)
 .pdr           0x0000000000000000      0x1c0 C:/Users/Yakir/Desktop/ai-thinker/GPRS_C_SDK/build/mqtt/demo/mqtt/lib\libmqtt_debug.a(demo_mqtt.o)

Memory Configuration

Name             Origin             Length             Attributes
*default*        0x0000000000000000 0xffffffffffffffff

Linker script and memory map

LOAD C:/Users/Yakir/Desktop/ai-thinker/GPRS_C_SDK/platform/chip/rom/8955/lib/mem_bridge_rom_CHIP.elf
                0xffffffff88240000                . = 0xffffffff88240000
                0xffffffff88240000                __rom_start = .

.section_init   0xffffffff88240000       0x10
 *(.section_init)
 .section_init  0xffffffff88240000        0x8 C:/Users/Yakir/Desktop/ai-thinker/GPRS_C_SDK/build/mqtt/init/lib\libinit_debug.a(sdk_init.o)
                0xffffffff88240010                . = ALIGN (0x10)
 *fill*         0xffffffff88240008        0x8 00

.cust_rotext    0xffffffff88240010      0x8b0
 *(.text)
 *(.text.*)
 .text.user_Main
                0xffffffff88240010       0x1c C:/Users/Yakir/Desktop/ai-thinker/GPRS_C_SDK/build/mqtt/init/lib\libinit_debug.a(sdk_init.o)
                0xffffffff88240011                user_Main
 .text.user_Init
                0xffffffff8824002c       0x48 C:/Users/Yakir/Desktop/ai-thinker/GPRS_C_SDK/build/mqtt/init/lib\libinit_debug.a(sdk_init.o)
                0xffffffff8824002d                user_Init
 .text.AttachActivate
                0xffffffff88240074      0x124 C:/Users/Yakir/Desktop/ai-thinker/GPRS_C_SDK/build/mqtt/demo/mqtt/lib\libmqtt_debug.a(demo_mqtt.o)
                0xffffffff88240075                AttachActivate
 .text.OnMqttReceived
                0xffffffff88240198       0x24 C:/Users/Yakir/Desktop/ai-thinker/GPRS_C_SDK/build/mqtt/demo/mqtt/lib\libmqtt_debug.a(demo_mqtt.o)
                0xffffffff88240199                OnMqttReceived
 .text.OnMqttReceiedData
                0xffffffff882401bc       0x44 C:/Users/Yakir/Desktop/ai-thinker/GPRS_C_SDK/build/mqtt/demo/mqtt/lib\libmqtt_debug.a(demo_mqtt.o)
                0xffffffff882401bd                OnMqttReceiedData
 .text.OnMqttSubscribed
                0xffffffff88240200       0x38 C:/Users/Yakir/Desktop/ai-thinker/GPRS_C_SDK/build/mqtt/demo/mqtt/lib\libmqtt_debug.a(demo_mqtt.o)
                0xffffffff88240201                OnMqttSubscribed
 .text.OnMqttConnection
                0xffffffff88240238       0xb4 C:/Users/Yakir/Desktop/ai-thinker/GPRS_C_SDK/build/mqtt/demo/mqtt/lib\libmqtt_debug.a(demo_mqtt.o)
                0xffffffff88240239                OnMqttConnection
 .text.OnPublish
                0xffffffff882402ec       0x34 C:/Users/Yakir/Desktop/ai-thinker/GPRS_C_SDK/build/mqtt/demo/mqtt/lib\libmqtt_debug.a(demo_mqtt.o)
                0xffffffff882402ed                OnPublish
 .text.StartTimerPublish
                0xffffffff88240320       0x2c C:/Users/Yakir/Desktop/ai-thinker/GPRS_C_SDK/build/mqtt/demo/mqtt/lib\libmqtt_debug.a(demo_mqtt.o)
                0xffffffff88240321                StartTimerPublish
 .text.OnTimerPublish
                0xffffffff8824034c       0xac C:/Users/Yakir/Desktop/ai-thinker/GPRS_C_SDK/build/mqtt/demo/mqtt/lib\libmqtt_debug.a(demo_mqtt.o)
                0xffffffff8824034d                OnTimerPublish
 .text.StartTimerConnect
                0xffffffff882403f8       0x2c C:/Users/Yakir/Desktop/ai-thinker/GPRS_C_SDK/build/mqtt/demo/mqtt/lib\libmqtt_debug.a(demo_mqtt.o)
                0xffffffff882403f9                StartTimerConnect
 .text.OnTimerStartConnect
                0xffffffff88240424       0xa8 C:/Users/Yakir/Desktop/ai-thinker/GPRS_C_SDK/build/mqtt/demo/mqtt/lib\libmqtt_debug.a(demo_mqtt.o)
                0xffffffff88240425                OnTimerStartConnect
 .text.SecondTaskEventDispatch
                0xffffffff882404cc       0xac C:/Users/Yakir/Desktop/ai-thinker/GPRS_C_SDK/build/mqtt/demo/mqtt/lib\libmqtt_debug.a(demo_mqtt.o)
                0xffffffff882404cd                SecondTaskEventDispatch
 .text.MainTask
                0xffffffff88240578      0x1c0 C:/Users/Yakir/Desktop/ai-thinker/GPRS_C_SDK/build/mqtt/demo/mqtt/lib\libmqtt_debug.a(demo_mqtt.o)
                0xffffffff88240579                MainTask
 .text.mqtt_Main
                0xffffffff88240738       0x48 C:/Users/Yakir/Desktop/ai-thinker/GPRS_C_SDK/build/mqtt/demo/mqtt/lib\libmqtt_debug.a(demo_mqtt.o)
                0xffffffff88240739                mqtt_Main
 .text.SecondTask
                0xffffffff88240780      0x13c C:/Users/Yakir/Desktop/ai-thinker/GPRS_C_SDK/build/mqtt/demo/mqtt/lib\libmqtt_debug.a(demo_mqtt.o)
                0xffffffff88240781                SecondTask
 *(.stub .gnu.linkonce.t.*)
                0xffffffff882408c0                . = ALIGN (0x20)
 *fill*         0xffffffff882408bc        0x4 00

.cust_rodata    0xffffffff882408c0      0x540
 *(.rdata)
 *(.rodata)
 .rodata        0xffffffff882408c0       0x80 C:/Users/Yakir/Desktop/ai-thinker/GPRS_C_SDK/build/mqtt/demo/mqtt/lib\libmqtt_debug.a(demo_mqtt.o)
 *(.rodata.*)
 .rodata.str1.4
                0xffffffff88240940      0x4b4 C:/Users/Yakir/Desktop/ai-thinker/GPRS_C_SDK/build/mqtt/demo/mqtt/lib\libmqtt_debug.a(demo_mqtt.o)
 *(.rodata.*_png)
 *(.gnu.linkonce.r.*)
 *(.rodata1)
 *(.roresdata)
 *(.robsdata)
                0xffffffff88240e00                . = ALIGN (0x20)
 *fill*         0xffffffff88240df4        0xc 00
                0xffffffff88240e00                __user_rw_lma = .
                0x0000000000000e00                __rom_size = (__user_rw_lma - __rom_start)
                0xffffffff82300000                . = 0xffffffff82300000

.cust_data      0xffffffff82300000       0x50 load address 0xffffffff88240e00
                0xffffffff82300000                __user_rw_start = .
 *(.data)
 *(.data.*)
 .data.willMsg  0xffffffff82300000       0x34 C:/Users/Yakir/Desktop/ai-thinker/GPRS_C_SDK/build/mqtt/demo/mqtt/lib\libmqtt_debug.a(demo_mqtt.o)
                0xffffffff82300000                willMsg
 .data.imei     0xffffffff82300034       0x10 C:/Users/Yakir/Desktop/ai-thinker/GPRS_C_SDK/build/mqtt/demo/mqtt/lib\libmqtt_debug.a(demo_mqtt.o)
                0xffffffff82300034                imei
 .data.reconnectInterval
                0xffffffff82300044        0x4 C:/Users/Yakir/Desktop/ai-thinker/GPRS_C_SDK/build/mqtt/demo/mqtt/lib\libmqtt_debug.a(demo_mqtt.o)
 *(.gnu.linkonce.d.*)
 *(.sdata .sdata.* .gnu.linkonce.s.*)
 *(.sdata2 .sdata2.* .gnu.linkonce.s2.*)
                0xffffffff82300050                . = ALIGN (0x10)
 *fill*         0xffffffff82300048        0x8 00
                0xffffffff82300050                __user_rw_end = .
                0x0000000000000050                __user_rw_size = (__user_rw_end - __user_rw_start)
                0xffffffff82300050                __user_bss_start = .

.cust_bss       0xffffffff82300050       0x60
 *(.sbss .sbss.* .gnu.linkonce.sb.*)
 *(.sbss2 .sbss2.* .gnu.linkonce.sb2.*)
 *(.scommon)
 .scommon       0xffffffff82300050        0x4 C:/Users/Yakir/Desktop/ai-thinker/GPRS_C_SDK/build/mqtt/init/lib\libinit_debug.a(sdk_init.o)
                0xffffffff82300050                temp000___
 *(.dynbss)
 *(.bss .bss.* .gnu.linkonce.b.*)
 .bss.g_InterfaceVtbl
                0xffffffff82300054        0x4 C:/Users/Yakir/Desktop/ai-thinker/GPRS_C_SDK/build/mqtt/init/lib\libinit_debug.a(sdk_init.o)
                0xffffffff82300054                g_InterfaceVtbl
 .bss.mqttStatus
                0xffffffff82300058        0x4 C:/Users/Yakir/Desktop/ai-thinker/GPRS_C_SDK/build/mqtt/demo/mqtt/lib\libmqtt_debug.a(demo_mqtt.o)
                0xffffffff82300058                mqttStatus
 .bss.mainTaskHandle
                0xffffffff8230005c        0x4 C:/Users/Yakir/Desktop/ai-thinker/GPRS_C_SDK/build/mqtt/demo/mqtt/lib\libmqtt_debug.a(demo_mqtt.o)
 .bss.secondTaskHandle
                0xffffffff82300060        0x4 C:/Users/Yakir/Desktop/ai-thinker/GPRS_C_SDK/build/mqtt/demo/mqtt/lib\libmqtt_debug.a(demo_mqtt.o)
 .bss.semMqttStart
                0xffffffff82300064        0x4 C:/Users/Yakir/Desktop/ai-thinker/GPRS_C_SDK/build/mqtt/demo/mqtt/lib\libmqtt_debug.a(demo_mqtt.o)
 *(COMMON)
 COMMON         0xffffffff82300068       0x44 C:/Users/Yakir/Desktop/ai-thinker/GPRS_C_SDK/build/mqtt/demo/mqtt/lib\libmqtt_debug.a(demo_mqtt.o)
                0xffffffff82300068                ci
 *(.rambss)
                0xffffffff823000b0                . = ALIGN (0x10)
 *fill*         0xffffffff823000ac        0x4 00
                0xffffffff823000b0                __user_bss_end = .
                0x0000000000000060                __user_bss_size = (__user_bss_end - __user_bss_start)

.stab
 *(.stab)

.stabstr
 *(.stabstr)

.stab.excl
 *(.stab.excl)

.stab.exclstr
 *(.stab.exclstr)

.stab.index
 *(.stab.index)

.stab.indexstr
 *(.stab.indexstr)

.reginfo        0x0000000000000000       0x18
 .reginfo       0x0000000000000000       0x18 C:/Users/Yakir/Desktop/ai-thinker/GPRS_C_SDK/build/mqtt/init/lib\libinit_debug.a(sdk_init.o)

.mdebug.abi32   0x0000000000000000        0x0
 .mdebug.abi32  0x0000000000000000        0x0 C:/Users/Yakir/Desktop/ai-thinker/GPRS_C_SDK/build/mqtt/init/lib\libinit_debug.a(sdk_init.o)
 .mdebug.abi32  0x0000000000000000        0x0 C:/Users/Yakir/Desktop/ai-thinker/GPRS_C_SDK/build/mqtt/demo/mqtt/lib\libmqtt_debug.a(demo_mqtt.o)

.gnu.attributes
                0x0000000000000000       0x10
 .gnu.attributes
                0x0000000000000000       0x10 C:/Users/Yakir/Desktop/ai-thinker/GPRS_C_SDK/build/mqtt/init/lib\libinit_debug.a(sdk_init.o)
 .gnu.attributes
                0x0000000000000010       0x10 C:/Users/Yakir/Desktop/ai-thinker/GPRS_C_SDK/build/mqtt/demo/mqtt/lib\libmqtt_debug.a(demo_mqtt.o)

.comment        0x0000000000000000       0x25
 *(.comment)
 .comment       0x0000000000000000       0x25 C:/Users/Yakir/Desktop/ai-thinker/GPRS_C_SDK/build/mqtt/init/lib\libinit_debug.a(sdk_init.o)
                                         0x26 (size before relaxing)
 .comment       0x0000000000000000       0x26 C:/Users/Yakir/Desktop/ai-thinker/GPRS_C_SDK/build/mqtt/demo/mqtt/lib\libmqtt_debug.a(demo_mqtt.o)

.debug
 *(.debug)

.line
 *(.line)

.debug_srcinfo
 *(.debug_srcinfo)

.debug_sfnames
 *(.debug_sfnames)

.debug_aranges  0x0000000000000000       0xb0
 *(.debug_aranges)
 .debug_aranges
                0x0000000000000000       0x28 C:/Users/Yakir/Desktop/ai-thinker/GPRS_C_SDK/build/mqtt/init/lib\libinit_debug.a(sdk_init.o)
 .debug_aranges
                0x0000000000000028       0x88 C:/Users/Yakir/Desktop/ai-thinker/GPRS_C_SDK/build/mqtt/demo/mqtt/lib\libmqtt_debug.a(demo_mqtt.o)

.debug_pubnames
                0x0000000000000000      0x19f
 *(.debug_pubnames)
 .debug_pubnames
                0x0000000000000000       0x51 C:/Users/Yakir/Desktop/ai-thinker/GPRS_C_SDK/build/mqtt/init/lib\libinit_debug.a(sdk_init.o)
 .debug_pubnames
                0x0000000000000051      0x14e C:/Users/Yakir/Desktop/ai-thinker/GPRS_C_SDK/build/mqtt/demo/mqtt/lib\libmqtt_debug.a(demo_mqtt.o)

.debug_info     0x0000000000000000     0xab5c
 *(.debug_info .gnu.linkonce.wi.*)
 .debug_info    0x0000000000000000     0x52cc C:/Users/Yakir/Desktop/ai-thinker/GPRS_C_SDK/build/mqtt/init/lib\libinit_debug.a(sdk_init.o)
 .debug_info    0x00000000000052cc     0x5890 C:/Users/Yakir/Desktop/ai-thinker/GPRS_C_SDK/build/mqtt/demo/mqtt/lib\libmqtt_debug.a(demo_mqtt.o)

.debug_abbrev   0x0000000000000000      0x5aa
 *(.debug_abbrev)
 .debug_abbrev  0x0000000000000000      0x24b C:/Users/Yakir/Desktop/ai-thinker/GPRS_C_SDK/build/mqtt/init/lib\libinit_debug.a(sdk_init.o)
 .debug_abbrev  0x000000000000024b      0x35f C:/Users/Yakir/Desktop/ai-thinker/GPRS_C_SDK/build/mqtt/demo/mqtt/lib\libmqtt_debug.a(demo_mqtt.o)

.debug_line     0x0000000000000000      0x75a
 *(.debug_line)
 .debug_line    0x0000000000000000      0x2db C:/Users/Yakir/Desktop/ai-thinker/GPRS_C_SDK/build/mqtt/init/lib\libinit_debug.a(sdk_init.o)
 .debug_line    0x00000000000002db      0x47f C:/Users/Yakir/Desktop/ai-thinker/GPRS_C_SDK/build/mqtt/demo/mqtt/lib\libmqtt_debug.a(demo_mqtt.o)

.debug_frame    0x0000000000000000      0x1e4
 *(.debug_frame)
 .debug_frame   0x0000000000000000       0x44 C:/Users/Yakir/Desktop/ai-thinker/GPRS_C_SDK/build/mqtt/init/lib\libinit_debug.a(sdk_init.o)
 .debug_frame   0x0000000000000044      0x1a0 C:/Users/Yakir/Desktop/ai-thinker/GPRS_C_SDK/build/mqtt/demo/mqtt/lib\libmqtt_debug.a(demo_mqtt.o)

.debug_str      0x0000000000000000     0x4cc6
 *(.debug_str)
 .debug_str     0x0000000000000000     0x4512 C:/Users/Yakir/Desktop/ai-thinker/GPRS_C_SDK/build/mqtt/init/lib\libinit_debug.a(sdk_init.o)
                                       0x471f (size before relaxing)
 .debug_str     0x0000000000004512      0x7b4 C:/Users/Yakir/Desktop/ai-thinker/GPRS_C_SDK/build/mqtt/demo/mqtt/lib\libmqtt_debug.a(demo_mqtt.o)
                                       0x4e14 (size before relaxing)

.debug_loc      0x0000000000000000      0x5e3
 *(.debug_loc)
 .debug_loc     0x0000000000000000       0x5c C:/Users/Yakir/Desktop/ai-thinker/GPRS_C_SDK/build/mqtt/init/lib\libinit_debug.a(sdk_init.o)
 .debug_loc     0x000000000000005c      0x587 C:/Users/Yakir/Desktop/ai-thinker/GPRS_C_SDK/build/mqtt/demo/mqtt/lib\libmqtt_debug.a(demo_mqtt.o)

.debug_macinfo
 *(.debug_macinfo)

.debug_weaknames
 *(.debug_weaknames)

.debug_funcnames
 *(.debug_funcnames)

.debug_typenames
 *(.debug_typenames)

.debug_varnames
 *(.debug_varnames)

.gptab.sdata
 *(.gptab.data)
 *(.gptab.sdata)

.gptab.sbss
 *(.gptab.bss)
 *(.gptab.sbss)

/DISCARD/
 *(.rel.dyn)
 *(.note.GNU-stack)
 *(.eh_frame)
START GROUP
LOAD C:/Users/Yakir/Desktop/ai-thinker/GPRS_C_SDK/build/mqtt/init/lib\libinit_debug.a
LOAD C:/Users/Yakir/Desktop/ai-thinker/GPRS_C_SDK/build/mqtt/libs/lib\liblibs_debug.a
LOAD C:/Users/Yakir/Desktop/ai-thinker/GPRS_C_SDK/build/mqtt/demo/mqtt/lib\libmqtt_debug.a
END GROUP
LOAD C:/Users/Yakir/Desktop/ai-thinker/GPRS_C_SDK/platform/lib/gcc/mips-elf/4.4.2\libgcc.a
OUTPUT(C:/Users/Yakir/Desktop/ai-thinker/GPRS_C_SDK/build/mqtt//mqtt.elf elf32-littlemips)

.debug_ranges   0x0000000000000000       0xa0
 .debug_ranges  0x0000000000000000       0x20 C:/Users/Yakir/Desktop/ai-thinker/GPRS_C_SDK/build/mqtt/init/lib\libinit_debug.a(sdk_init.o)
 .debug_ranges  0x0000000000000020       0x80 C:/Users/Yakir/Desktop/ai-thinker/GPRS_C_SDK/build/mqtt/demo/mqtt/lib\libmqtt_debug.a(demo_mqtt.o)
