Archive member included because of file (symbol)

C:/Users/HugElectronica/Desktop/ai-thinker/GPRS_C_SDK/build/call/init/lib\libinit_debug.a(sdk_init.o)
                              (user_Main)
C:/Users/HugElectronica/Desktop/ai-thinker/GPRS_C_SDK/build/call/call/lib\libcall_debug.a(demo_call.o)
                              C:/Users/HugElectronica/Desktop/ai-thinker/GPRS_C_SDK/build/call/init/lib\libinit_debug.a(sdk_init.o) (call_Main)

Allocating common symbols
Common symbol       size              file

temp000___          0x4               C:/Users/HugElectronica/Desktop/ai-thinker/GPRS_C_SDK/build/call/init/lib\libinit_debug.a(sdk_init.o)

Discarded input sections

 .text          0x0000000000000000        0x0 C:/Users/HugElectronica/Desktop/ai-thinker/GPRS_C_SDK/build/call/init/lib\libinit_debug.a(sdk_init.o)
 .data          0x0000000000000000        0x0 C:/Users/HugElectronica/Desktop/ai-thinker/GPRS_C_SDK/build/call/init/lib\libinit_debug.a(sdk_init.o)
 .bss           0x0000000000000000        0x0 C:/Users/HugElectronica/Desktop/ai-thinker/GPRS_C_SDK/build/call/init/lib\libinit_debug.a(sdk_init.o)
 .pdr           0x0000000000000000       0x40 C:/Users/HugElectronica/Desktop/ai-thinker/GPRS_C_SDK/build/call/init/lib\libinit_debug.a(sdk_init.o)
 .text          0x0000000000000000        0x0 C:/Users/HugElectronica/Desktop/ai-thinker/GPRS_C_SDK/build/call/call/lib\libcall_debug.a(demo_call.o)
 .data          0x0000000000000000        0x0 C:/Users/HugElectronica/Desktop/ai-thinker/GPRS_C_SDK/build/call/call/lib\libcall_debug.a(demo_call.o)
 .bss           0x0000000000000000        0x0 C:/Users/HugElectronica/Desktop/ai-thinker/GPRS_C_SDK/build/call/call/lib\libcall_debug.a(demo_call.o)
 .reginfo       0x0000000000000000       0x18 C:/Users/HugElectronica/Desktop/ai-thinker/GPRS_C_SDK/build/call/call/lib\libcall_debug.a(demo_call.o)
 .pdr           0x0000000000000000       0xa0 C:/Users/HugElectronica/Desktop/ai-thinker/GPRS_C_SDK/build/call/call/lib\libcall_debug.a(demo_call.o)

Memory Configuration

Name             Origin             Length             Attributes
*default*        0x0000000000000000 0xffffffffffffffff

Linker script and memory map

LOAD C:/Users/HugElectronica/Desktop/ai-thinker/GPRS_C_SDK/platform/chip/rom/8955/lib/mem_bridge_rom_CHIP.elf
                0xffffffff88240000                . = 0xffffffff88240000
                0xffffffff88240000                __rom_start = .

.section_init   0xffffffff88240000       0x10
 *(.section_init)
 .section_init  0xffffffff88240000        0x8 C:/Users/HugElectronica/Desktop/ai-thinker/GPRS_C_SDK/build/call/init/lib\libinit_debug.a(sdk_init.o)
                0xffffffff88240010                . = ALIGN (0x10)
 *fill*         0xffffffff88240008        0x8 00

.cust_rotext    0xffffffff88240010      0x410
 *(.text)
 *(.text.*)
 .text.user_Main
                0xffffffff88240010       0x1c C:/Users/HugElectronica/Desktop/ai-thinker/GPRS_C_SDK/build/call/init/lib\libinit_debug.a(sdk_init.o)
                0xffffffff88240011                user_Main
 .text.user_Init
                0xffffffff8824002c       0x48 C:/Users/HugElectronica/Desktop/ai-thinker/GPRS_C_SDK/build/call/init/lib\libinit_debug.a(sdk_init.o)
                0xffffffff8824002d                user_Init
 .text.EventDispatch
                0xffffffff88240074      0x120 C:/Users/HugElectronica/Desktop/ai-thinker/GPRS_C_SDK/build/call/call/lib\libcall_debug.a(demo_call.o)
                0xffffffff88240075                EventDispatch
 .text.CallTest
                0xffffffff88240194      0x188 C:/Users/HugElectronica/Desktop/ai-thinker/GPRS_C_SDK/build/call/call/lib\libcall_debug.a(demo_call.o)
                0xffffffff88240195                CallTest
 .text.SecondTask
                0xffffffff8824031c       0x2c C:/Users/HugElectronica/Desktop/ai-thinker/GPRS_C_SDK/build/call/call/lib\libcall_debug.a(demo_call.o)
                0xffffffff8824031d                SecondTask
 .text.MainTask
                0xffffffff88240348       0x88 C:/Users/HugElectronica/Desktop/ai-thinker/GPRS_C_SDK/build/call/call/lib\libcall_debug.a(demo_call.o)
                0xffffffff88240349                MainTask
 .text.call_Main
                0xffffffff882403d0       0x48 C:/Users/HugElectronica/Desktop/ai-thinker/GPRS_C_SDK/build/call/call/lib\libcall_debug.a(demo_call.o)
                0xffffffff882403d1                call_Main
 *(.stub .gnu.linkonce.t.*)
                0xffffffff88240420                . = ALIGN (0x20)
 *fill*         0xffffffff88240418        0x8 00

.cust_rodata    0xffffffff88240420      0x220
 *(.rdata)
 *(.rodata)
 *(.rodata.*)
 .rodata.str1.4
                0xffffffff88240420      0x20c C:/Users/HugElectronica/Desktop/ai-thinker/GPRS_C_SDK/build/call/call/lib\libcall_debug.a(demo_call.o)
 *(.rodata.*_png)
 *(.gnu.linkonce.r.*)
 *(.rodata1)
 *(.roresdata)
 *(.robsdata)
                0xffffffff88240640                . = ALIGN (0x20)
 *fill*         0xffffffff8824062c       0x14 00
                0xffffffff88240640                __user_rw_lma = .
                0x0000000000000640                __rom_size = (__user_rw_lma - __rom_start)
                0xffffffff82300000                . = 0xffffffff82300000

.cust_data      0xffffffff82300000        0x0 load address 0xffffffff88240640
                0xffffffff82300000                __user_rw_start = .
 *(.data)
 *(.data.*)
 *(.gnu.linkonce.d.*)
 *(.sdata .sdata.* .gnu.linkonce.s.*)
 *(.sdata2 .sdata2.* .gnu.linkonce.s2.*)
                0xffffffff82300000                . = ALIGN (0x10)
                0xffffffff82300000                __user_rw_end = .
                0x0000000000000000                __user_rw_size = (__user_rw_end - __user_rw_start)
                0xffffffff82300000                __user_bss_start = .

.cust_bss       0xffffffff82300000       0x20
 *(.sbss .sbss.* .gnu.linkonce.sb.*)
 *(.sbss2 .sbss2.* .gnu.linkonce.sb2.*)
 *(.scommon)
 .scommon       0xffffffff82300000        0x4 C:/Users/HugElectronica/Desktop/ai-thinker/GPRS_C_SDK/build/call/init/lib\libinit_debug.a(sdk_init.o)
                0xffffffff82300000                temp000___
 *(.dynbss)
 *(.bss .bss.* .gnu.linkonce.b.*)
 .bss.g_InterfaceVtbl
                0xffffffff82300004        0x4 C:/Users/HugElectronica/Desktop/ai-thinker/GPRS_C_SDK/build/call/init/lib\libinit_debug.a(sdk_init.o)
                0xffffffff82300004                g_InterfaceVtbl
 .bss.flag      0xffffffff82300008        0x1 C:/Users/HugElectronica/Desktop/ai-thinker/GPRS_C_SDK/build/call/call/lib\libcall_debug.a(demo_call.o)
                0xffffffff82300008                flag
 .bss.isDialSuccess
                0xffffffff82300009        0x1 C:/Users/HugElectronica/Desktop/ai-thinker/GPRS_C_SDK/build/call/call/lib\libcall_debug.a(demo_call.o)
                0xffffffff82300009                isDialSuccess
 *fill*         0xffffffff8230000a        0x2 00
 .bss.mainTaskHandle
                0xffffffff8230000c        0x4 C:/Users/HugElectronica/Desktop/ai-thinker/GPRS_C_SDK/build/call/call/lib\libcall_debug.a(demo_call.o)
 .bss.secondTaskHandle
                0xffffffff82300010        0x4 C:/Users/HugElectronica/Desktop/ai-thinker/GPRS_C_SDK/build/call/call/lib\libcall_debug.a(demo_call.o)
 *(COMMON)
 *(.rambss)
                0xffffffff82300020                . = ALIGN (0x10)
 *fill*         0xffffffff82300014        0xc 00
                0xffffffff82300020                __user_bss_end = .
                0x0000000000000020                __user_bss_size = (__user_bss_end - __user_bss_start)

.stab
 *(.stab)

.stabstr
 *(.stabstr)

.stab.excl
 *(.stab.excl)

.stab.exclstr
 *(.stab.exclstr)

.stab.index
 *(.stab.index)

.stab.indexstr
 *(.stab.indexstr)

.reginfo        0x0000000000000000       0x18
 .reginfo       0x0000000000000000       0x18 C:/Users/HugElectronica/Desktop/ai-thinker/GPRS_C_SDK/build/call/init/lib\libinit_debug.a(sdk_init.o)

.mdebug.abi32   0x0000000000000000        0x0
 .mdebug.abi32  0x0000000000000000        0x0 C:/Users/HugElectronica/Desktop/ai-thinker/GPRS_C_SDK/build/call/init/lib\libinit_debug.a(sdk_init.o)
 .mdebug.abi32  0x0000000000000000        0x0 C:/Users/HugElectronica/Desktop/ai-thinker/GPRS_C_SDK/build/call/call/lib\libcall_debug.a(demo_call.o)

.gnu.attributes
                0x0000000000000000       0x10
 .gnu.attributes
                0x0000000000000000       0x10 C:/Users/HugElectronica/Desktop/ai-thinker/GPRS_C_SDK/build/call/init/lib\libinit_debug.a(sdk_init.o)
 .gnu.attributes
                0x0000000000000010       0x10 C:/Users/HugElectronica/Desktop/ai-thinker/GPRS_C_SDK/build/call/call/lib\libcall_debug.a(demo_call.o)

.comment        0x0000000000000000       0x25
 *(.comment)
 .comment       0x0000000000000000       0x25 C:/Users/HugElectronica/Desktop/ai-thinker/GPRS_C_SDK/build/call/init/lib\libinit_debug.a(sdk_init.o)
                                         0x26 (size before relaxing)
 .comment       0x0000000000000000       0x26 C:/Users/HugElectronica/Desktop/ai-thinker/GPRS_C_SDK/build/call/call/lib\libcall_debug.a(demo_call.o)

.debug
 *(.debug)

.line
 *(.line)

.debug_srcinfo
 *(.debug_srcinfo)

.debug_sfnames
 *(.debug_sfnames)

.debug_aranges  0x0000000000000000       0x68
 *(.debug_aranges)
 .debug_aranges
                0x0000000000000000       0x28 C:/Users/HugElectronica/Desktop/ai-thinker/GPRS_C_SDK/build/call/init/lib\libinit_debug.a(sdk_init.o)
 .debug_aranges
                0x0000000000000028       0x40 C:/Users/HugElectronica/Desktop/ai-thinker/GPRS_C_SDK/build/call/call/lib\libcall_debug.a(demo_call.o)

.debug_pubnames
                0x0000000000000000       0xc7
 *(.debug_pubnames)
 .debug_pubnames
                0x0000000000000000       0x51 C:/Users/HugElectronica/Desktop/ai-thinker/GPRS_C_SDK/build/call/init/lib\libinit_debug.a(sdk_init.o)
 .debug_pubnames
                0x0000000000000051       0x76 C:/Users/HugElectronica/Desktop/ai-thinker/GPRS_C_SDK/build/call/call/lib\libcall_debug.a(demo_call.o)

.debug_info     0x0000000000000000     0xa76f
 *(.debug_info .gnu.linkonce.wi.*)
 .debug_info    0x0000000000000000     0x52cc C:/Users/HugElectronica/Desktop/ai-thinker/GPRS_C_SDK/build/call/init/lib\libinit_debug.a(sdk_init.o)
 .debug_info    0x00000000000052cc     0x54a3 C:/Users/HugElectronica/Desktop/ai-thinker/GPRS_C_SDK/build/call/call/lib\libcall_debug.a(demo_call.o)

.debug_abbrev   0x0000000000000000      0x4e3
 *(.debug_abbrev)
 .debug_abbrev  0x0000000000000000      0x24b C:/Users/HugElectronica/Desktop/ai-thinker/GPRS_C_SDK/build/call/init/lib\libinit_debug.a(sdk_init.o)
 .debug_abbrev  0x000000000000024b      0x298 C:/Users/HugElectronica/Desktop/ai-thinker/GPRS_C_SDK/build/call/call/lib\libcall_debug.a(demo_call.o)

.debug_line     0x0000000000000000      0x682
 *(.debug_line)
 .debug_line    0x0000000000000000      0x2f6 C:/Users/HugElectronica/Desktop/ai-thinker/GPRS_C_SDK/build/call/init/lib\libinit_debug.a(sdk_init.o)
 .debug_line    0x00000000000002f6      0x38c C:/Users/HugElectronica/Desktop/ai-thinker/GPRS_C_SDK/build/call/call/lib\libcall_debug.a(demo_call.o)

.debug_frame    0x0000000000000000       0xe8
 *(.debug_frame)
 .debug_frame   0x0000000000000000       0x44 C:/Users/HugElectronica/Desktop/ai-thinker/GPRS_C_SDK/build/call/init/lib\libinit_debug.a(sdk_init.o)
 .debug_frame   0x0000000000000044       0xa4 C:/Users/HugElectronica/Desktop/ai-thinker/GPRS_C_SDK/build/call/call/lib\libcall_debug.a(demo_call.o)

.debug_str      0x0000000000000000     0x4b42
 *(.debug_str)
 .debug_str     0x0000000000000000     0x451b C:/Users/HugElectronica/Desktop/ai-thinker/GPRS_C_SDK/build/call/init/lib\libinit_debug.a(sdk_init.o)
                                       0x4728 (size before relaxing)
 .debug_str     0x000000000000451b      0x627 C:/Users/HugElectronica/Desktop/ai-thinker/GPRS_C_SDK/build/call/call/lib\libcall_debug.a(demo_call.o)
                                       0x4c68 (size before relaxing)

.debug_loc      0x0000000000000000      0x206
 *(.debug_loc)
 .debug_loc     0x0000000000000000       0x5c C:/Users/HugElectronica/Desktop/ai-thinker/GPRS_C_SDK/build/call/init/lib\libinit_debug.a(sdk_init.o)
 .debug_loc     0x000000000000005c      0x1aa C:/Users/HugElectronica/Desktop/ai-thinker/GPRS_C_SDK/build/call/call/lib\libcall_debug.a(demo_call.o)

.debug_macinfo
 *(.debug_macinfo)

.debug_weaknames
 *(.debug_weaknames)

.debug_funcnames
 *(.debug_funcnames)

.debug_typenames
 *(.debug_typenames)

.debug_varnames
 *(.debug_varnames)

.gptab.sdata
 *(.gptab.data)
 *(.gptab.sdata)

.gptab.sbss
 *(.gptab.bss)
 *(.gptab.sbss)

/DISCARD/
 *(.rel.dyn)
 *(.note.GNU-stack)
 *(.eh_frame)
START GROUP
LOAD C:/Users/HugElectronica/Desktop/ai-thinker/GPRS_C_SDK/build/call/init/lib\libinit_debug.a
LOAD C:/Users/HugElectronica/Desktop/ai-thinker/GPRS_C_SDK/build/call/libs/lib\liblibs_debug.a
LOAD C:/Users/HugElectronica/Desktop/ai-thinker/GPRS_C_SDK/build/call/call/lib\libcall_debug.a
END GROUP
LOAD C:/Users/HugElectronica/Desktop/ai-thinker/GPRS_C_SDK/platform/lib/gcc/mips-elf/4.4.2\libgcc.a
OUTPUT(C:/Users/HugElectronica/Desktop/ai-thinker/GPRS_C_SDK/build/call//call.elf elf32-littlemips)

.debug_ranges   0x0000000000000000       0x70
 .debug_ranges  0x0000000000000000       0x20 C:/Users/HugElectronica/Desktop/ai-thinker/GPRS_C_SDK/build/call/init/lib\libinit_debug.a(sdk_init.o)
 .debug_ranges  0x0000000000000020       0x50 C:/Users/HugElectronica/Desktop/ai-thinker/GPRS_C_SDK/build/call/call/lib\libcall_debug.a(demo_call.o)
