Archive member included because of file (symbol)

C:/Users/HugElectronica/Desktop/ai-thinker/GPRS_C_SDK/build/gps/init/lib\libinit_debug.a(sdk_init.o)
                              (user_Main)
C:/Users/HugElectronica/Desktop/ai-thinker/GPRS_C_SDK/build/gps/demo/gps/lib\libgps_debug.a(demo_gps.o)
                              C:/Users/HugElectronica/Desktop/ai-thinker/GPRS_C_SDK/build/gps/init/lib\libinit_debug.a(sdk_init.o) (gps_Main)
C:/Users/HugElectronica/Desktop/ai-thinker/GPRS_C_SDK/build/gps/libs/lib\liblibs_debug.a(gps.o)
                              C:/Users/HugElectronica/Desktop/ai-thinker/GPRS_C_SDK/build/gps/demo/gps/lib\libgps_debug.a(demo_gps.o) (GPS_SetOutputInterval)
C:/Users/HugElectronica/Desktop/ai-thinker/GPRS_C_SDK/build/gps/libs/lib\liblibs_debug.a(gps_parse.o)
                              C:/Users/HugElectronica/Desktop/ai-thinker/GPRS_C_SDK/build/gps/demo/gps/lib\libgps_debug.a(demo_gps.o) (Gps_GetInfo)
C:/Users/HugElectronica/Desktop/ai-thinker/GPRS_C_SDK/build/gps/libs/lib\liblibs_debug.a(minmea.o)
                              C:/Users/HugElectronica/Desktop/ai-thinker/GPRS_C_SDK/build/gps/libs/lib\liblibs_debug.a(gps_parse.o) (minmea_parse_zda)
C:/Users/HugElectronica/Desktop/ai-thinker/GPRS_C_SDK/build/gps/libs/lib\liblibs_debug.a(assert.o)
                              C:/Users/HugElectronica/Desktop/ai-thinker/GPRS_C_SDK/build/gps/libs/lib\liblibs_debug.a(gps.o) (Assert)
C:/Users/HugElectronica/Desktop/ai-thinker/GPRS_C_SDK/build/gps/libs/lib\liblibs_debug.a(buffer.o)
                              C:/Users/HugElectronica/Desktop/ai-thinker/GPRS_C_SDK/build/gps/libs/lib\liblibs_debug.a(gps.o) (Buffer_Query)
C:/Users/HugElectronica/Desktop/ai-thinker/GPRS_C_SDK/platform/lib/gcc/mips-elf/4.4.2\libgcc.a(_sf_to_df.o)
                              C:/Users/HugElectronica/Desktop/ai-thinker/GPRS_C_SDK/build/gps/libs/lib\liblibs_debug.a(gps.o) (__extendsfdf2)
C:/Users/HugElectronica/Desktop/ai-thinker/GPRS_C_SDK/platform/lib/gcc/mips-elf/4.4.2\libgcc.a(_addsub_df.o)
                              C:/Users/HugElectronica/Desktop/ai-thinker/GPRS_C_SDK/build/gps/demo/gps/lib\libgps_debug.a(demo_gps.o) (__adddf3)
C:/Users/HugElectronica/Desktop/ai-thinker/GPRS_C_SDK/platform/lib/gcc/mips-elf/4.4.2\libgcc.a(_div_df.o)
                              C:/Users/HugElectronica/Desktop/ai-thinker/GPRS_C_SDK/build/gps/demo/gps/lib\libgps_debug.a(demo_gps.o) (__divdf3)
C:/Users/HugElectronica/Desktop/ai-thinker/GPRS_C_SDK/platform/lib/gcc/mips-elf/4.4.2\libgcc.a(_si_to_df.o)
                              C:/Users/HugElectronica/Desktop/ai-thinker/GPRS_C_SDK/build/gps/demo/gps/lib\libgps_debug.a(demo_gps.o) (__floatsidf)
C:/Users/HugElectronica/Desktop/ai-thinker/GPRS_C_SDK/platform/lib/gcc/mips-elf/4.4.2\libgcc.a(_make_df.o)
                              C:/Users/HugElectronica/Desktop/ai-thinker/GPRS_C_SDK/platform/lib/gcc/mips-elf/4.4.2\libgcc.a(_sf_to_df.o) (__make_dp)
C:/Users/HugElectronica/Desktop/ai-thinker/GPRS_C_SDK/platform/lib/gcc/mips-elf/4.4.2\libgcc.a(_thenan_df.o)
                              C:/Users/HugElectronica/Desktop/ai-thinker/GPRS_C_SDK/platform/lib/gcc/mips-elf/4.4.2\libgcc.a(_addsub_df.o) (__thenan_df)
C:/Users/HugElectronica/Desktop/ai-thinker/GPRS_C_SDK/platform/lib/gcc/mips-elf/4.4.2\libgcc.a(_lshrdi3.o)
                              C:/Users/HugElectronica/Desktop/ai-thinker/GPRS_C_SDK/platform/lib/gcc/mips-elf/4.4.2\libgcc.a(_addsub_df.o) (__lshrdi3)
C:/Users/HugElectronica/Desktop/ai-thinker/GPRS_C_SDK/platform/lib/gcc/mips-elf/4.4.2\libgcc.a(_ashldi3.o)
                              C:/Users/HugElectronica/Desktop/ai-thinker/GPRS_C_SDK/platform/lib/gcc/mips-elf/4.4.2\libgcc.a(_addsub_df.o) (__ashldi3)
C:/Users/HugElectronica/Desktop/ai-thinker/GPRS_C_SDK/platform/lib/gcc/mips-elf/4.4.2\libgcc.a(_ucmpdi2.o)
                              C:/Users/HugElectronica/Desktop/ai-thinker/GPRS_C_SDK/platform/lib/gcc/mips-elf/4.4.2\libgcc.a(_addsub_df.o) (__ucmpdi2)
C:/Users/HugElectronica/Desktop/ai-thinker/GPRS_C_SDK/platform/lib/gcc/mips-elf/4.4.2\libgcc.a(_clzsi2.o)
                              C:/Users/HugElectronica/Desktop/ai-thinker/GPRS_C_SDK/platform/lib/gcc/mips-elf/4.4.2\libgcc.a(_si_to_df.o) (__clzsi2)
C:/Users/HugElectronica/Desktop/ai-thinker/GPRS_C_SDK/platform/lib/gcc/mips-elf/4.4.2\libgcc.a(_unpack_sf.o)
                              C:/Users/HugElectronica/Desktop/ai-thinker/GPRS_C_SDK/platform/lib/gcc/mips-elf/4.4.2\libgcc.a(_sf_to_df.o) (__unpack_f)
C:/Users/HugElectronica/Desktop/ai-thinker/GPRS_C_SDK/platform/lib/gcc/mips-elf/4.4.2\libgcc.a(_pack_df.o)
                              C:/Users/HugElectronica/Desktop/ai-thinker/GPRS_C_SDK/platform/lib/gcc/mips-elf/4.4.2\libgcc.a(_addsub_df.o) (__pack_d)
C:/Users/HugElectronica/Desktop/ai-thinker/GPRS_C_SDK/platform/lib/gcc/mips-elf/4.4.2\libgcc.a(_unpack_df.o)
                              C:/Users/HugElectronica/Desktop/ai-thinker/GPRS_C_SDK/platform/lib/gcc/mips-elf/4.4.2\libgcc.a(_addsub_df.o) (__unpack_d)
C:/Users/HugElectronica/Desktop/ai-thinker/GPRS_C_SDK/platform/lib/gcc/mips-elf/4.4.2\libgcc.a(_clz.o)
                              C:/Users/HugElectronica/Desktop/ai-thinker/GPRS_C_SDK/platform/lib/gcc/mips-elf/4.4.2\libgcc.a(_clzsi2.o) (__clz_tab)

Allocating common symbols
Common symbol       size              file

temp000___          0x4               C:/Users/HugElectronica/Desktop/ai-thinker/GPRS_C_SDK/build/gps/init/lib\libinit_debug.a(sdk_init.o)
g_gps_info          0x7dc             C:/Users/HugElectronica/Desktop/ai-thinker/GPRS_C_SDK/build/gps/libs/lib\liblibs_debug.a(gps_parse.o)

Discarded input sections

 .text          0x0000000000000000        0x0 C:/Users/HugElectronica/Desktop/ai-thinker/GPRS_C_SDK/build/gps/init/lib\libinit_debug.a(sdk_init.o)
 .data          0x0000000000000000        0x0 C:/Users/HugElectronica/Desktop/ai-thinker/GPRS_C_SDK/build/gps/init/lib\libinit_debug.a(sdk_init.o)
 .bss           0x0000000000000000        0x0 C:/Users/HugElectronica/Desktop/ai-thinker/GPRS_C_SDK/build/gps/init/lib\libinit_debug.a(sdk_init.o)
 .pdr           0x0000000000000000       0x40 C:/Users/HugElectronica/Desktop/ai-thinker/GPRS_C_SDK/build/gps/init/lib\libinit_debug.a(sdk_init.o)
 .text          0x0000000000000000        0x0 C:/Users/HugElectronica/Desktop/ai-thinker/GPRS_C_SDK/build/gps/demo/gps/lib\libgps_debug.a(demo_gps.o)
 .data          0x0000000000000000        0x0 C:/Users/HugElectronica/Desktop/ai-thinker/GPRS_C_SDK/build/gps/demo/gps/lib\libgps_debug.a(demo_gps.o)
 .bss           0x0000000000000000        0x0 C:/Users/HugElectronica/Desktop/ai-thinker/GPRS_C_SDK/build/gps/demo/gps/lib\libgps_debug.a(demo_gps.o)
 .reginfo       0x0000000000000000       0x18 C:/Users/HugElectronica/Desktop/ai-thinker/GPRS_C_SDK/build/gps/demo/gps/lib\libgps_debug.a(demo_gps.o)
 .pdr           0x0000000000000000       0x80 C:/Users/HugElectronica/Desktop/ai-thinker/GPRS_C_SDK/build/gps/demo/gps/lib\libgps_debug.a(demo_gps.o)
 .text          0x0000000000000000        0x0 C:/Users/HugElectronica/Desktop/ai-thinker/GPRS_C_SDK/build/gps/libs/lib\liblibs_debug.a(gps.o)
 .data          0x0000000000000000        0x0 C:/Users/HugElectronica/Desktop/ai-thinker/GPRS_C_SDK/build/gps/libs/lib\liblibs_debug.a(gps.o)
 .bss           0x0000000000000000        0x0 C:/Users/HugElectronica/Desktop/ai-thinker/GPRS_C_SDK/build/gps/libs/lib\liblibs_debug.a(gps.o)
 .reginfo       0x0000000000000000       0x18 C:/Users/HugElectronica/Desktop/ai-thinker/GPRS_C_SDK/build/gps/libs/lib\liblibs_debug.a(gps.o)
 .pdr           0x0000000000000000      0x4a0 C:/Users/HugElectronica/Desktop/ai-thinker/GPRS_C_SDK/build/gps/libs/lib\liblibs_debug.a(gps.o)
 .text.GPS_SaveLog
                0x0000000000000000       0x14 C:/Users/HugElectronica/Desktop/ai-thinker/GPRS_C_SDK/build/gps/libs/lib\liblibs_debug.a(gps.o)
 .text.GPS_IsSaveLog
                0x0000000000000000        0xc C:/Users/HugElectronica/Desktop/ai-thinker/GPRS_C_SDK/build/gps/libs/lib\liblibs_debug.a(gps.o)
 .text.GPS_ClearLog
                0x0000000000000000       0x40 C:/Users/HugElectronica/Desktop/ai-thinker/GPRS_C_SDK/build/gps/libs/lib\liblibs_debug.a(gps.o)
 .text.GPS_SetFormat
                0x0000000000000000        0x4 C:/Users/HugElectronica/Desktop/ai-thinker/GPRS_C_SDK/build/gps/libs/lib\liblibs_debug.a(gps.o)
 .text.GPS_SendGPDPack
                0x0000000000000000       0x5c C:/Users/HugElectronica/Desktop/ai-thinker/GPRS_C_SDK/build/gps/libs/lib\liblibs_debug.a(gps.o)
 .text.GPS_SetNMEAMode
                0x0000000000000000       0x50 C:/Users/HugElectronica/Desktop/ai-thinker/GPRS_C_SDK/build/gps/libs/lib\liblibs_debug.a(gps.o)
 .text.GPS_SetBinaryMode
                0x0000000000000000       0x4c C:/Users/HugElectronica/Desktop/ai-thinker/GPRS_C_SDK/build/gps/libs/lib\liblibs_debug.a(gps.o)
 .text.GPS_SetFixMode
                0x0000000000000000       0x4c C:/Users/HugElectronica/Desktop/ai-thinker/GPRS_C_SDK/build/gps/libs/lib\liblibs_debug.a(gps.o)
 .text.GPS_SetLocationTime
                0x0000000000000000       0xb4 C:/Users/HugElectronica/Desktop/ai-thinker/GPRS_C_SDK/build/gps/libs/lib\liblibs_debug.a(gps.o)
 .text.GPS_SetRtcTime
                0x0000000000000000       0x60 C:/Users/HugElectronica/Desktop/ai-thinker/GPRS_C_SDK/build/gps/libs/lib\liblibs_debug.a(gps.o)
 .text.GPS_SetNmeaOutputFreq
                0x0000000000000000       0x90 C:/Users/HugElectronica/Desktop/ai-thinker/GPRS_C_SDK/build/gps/libs/lib\liblibs_debug.a(gps.o)
 .text.GPS_SetSBASEnable
                0x0000000000000000       0x48 C:/Users/HugElectronica/Desktop/ai-thinker/GPRS_C_SDK/build/gps/libs/lib\liblibs_debug.a(gps.o)
 .text.GPS_SetSearchMode
                0x0000000000000000       0x54 C:/Users/HugElectronica/Desktop/ai-thinker/GPRS_C_SDK/build/gps/libs/lib\liblibs_debug.a(gps.o)
 .text.GPS_SetQzssEnable
                0x0000000000000000       0x48 C:/Users/HugElectronica/Desktop/ai-thinker/GPRS_C_SDK/build/gps/libs/lib\liblibs_debug.a(gps.o)
 .text.GPS_SetQzssOutput
                0x0000000000000000       0x48 C:/Users/HugElectronica/Desktop/ai-thinker/GPRS_C_SDK/build/gps/libs/lib\liblibs_debug.a(gps.o)
 .text.GPS_SetLpMode
                0x0000000000000000       0x44 C:/Users/HugElectronica/Desktop/ai-thinker/GPRS_C_SDK/build/gps/libs/lib\liblibs_debug.a(gps.o)
 .text.GPS_SetStandbyMode
                0x0000000000000000       0x44 C:/Users/HugElectronica/Desktop/ai-thinker/GPRS_C_SDK/build/gps/libs/lib\liblibs_debug.a(gps.o)
 .text.GPS_ClearInfoInFlash
                0x0000000000000000       0x44 C:/Users/HugElectronica/Desktop/ai-thinker/GPRS_C_SDK/build/gps/libs/lib\liblibs_debug.a(gps.o)
 .text.GPS_Reboot
                0x0000000000000000       0x48 C:/Users/HugElectronica/Desktop/ai-thinker/GPRS_C_SDK/build/gps/libs/lib\liblibs_debug.a(gps.o)
 .text.GPS_AGPS
                0x0000000000000000      0x2cc C:/Users/HugElectronica/Desktop/ai-thinker/GPRS_C_SDK/build/gps/libs/lib\liblibs_debug.a(gps.o)
 .text          0x0000000000000000        0x0 C:/Users/HugElectronica/Desktop/ai-thinker/GPRS_C_SDK/build/gps/libs/lib\liblibs_debug.a(gps_parse.o)
 .data          0x0000000000000000        0x0 C:/Users/HugElectronica/Desktop/ai-thinker/GPRS_C_SDK/build/gps/libs/lib\liblibs_debug.a(gps_parse.o)
 .bss           0x0000000000000000        0x0 C:/Users/HugElectronica/Desktop/ai-thinker/GPRS_C_SDK/build/gps/libs/lib\liblibs_debug.a(gps_parse.o)
 .reginfo       0x0000000000000000       0x18 C:/Users/HugElectronica/Desktop/ai-thinker/GPRS_C_SDK/build/gps/libs/lib\liblibs_debug.a(gps_parse.o)
 .pdr           0x0000000000000000       0x60 C:/Users/HugElectronica/Desktop/ai-thinker/GPRS_C_SDK/build/gps/libs/lib\liblibs_debug.a(gps_parse.o)
 .text          0x0000000000000000        0x0 C:/Users/HugElectronica/Desktop/ai-thinker/GPRS_C_SDK/build/gps/libs/lib\liblibs_debug.a(minmea.o)
 .data          0x0000000000000000        0x0 C:/Users/HugElectronica/Desktop/ai-thinker/GPRS_C_SDK/build/gps/libs/lib\liblibs_debug.a(minmea.o)
 .bss           0x0000000000000000        0x0 C:/Users/HugElectronica/Desktop/ai-thinker/GPRS_C_SDK/build/gps/libs/lib\liblibs_debug.a(minmea.o)
 .reginfo       0x0000000000000000       0x18 C:/Users/HugElectronica/Desktop/ai-thinker/GPRS_C_SDK/build/gps/libs/lib\liblibs_debug.a(minmea.o)
 .pdr           0x0000000000000000      0x1e0 C:/Users/HugElectronica/Desktop/ai-thinker/GPRS_C_SDK/build/gps/libs/lib\liblibs_debug.a(minmea.o)
 .text.minmea_checksum
                0x0000000000000000       0x2c C:/Users/HugElectronica/Desktop/ai-thinker/GPRS_C_SDK/build/gps/libs/lib\liblibs_debug.a(minmea.o)
 .text.minmea_gettime
                0x0000000000000000       0x88 C:/Users/HugElectronica/Desktop/ai-thinker/GPRS_C_SDK/build/gps/libs/lib\liblibs_debug.a(minmea.o)
 .text.minmea_talker_id
                0x0000000000000000       0x34 C:/Users/HugElectronica/Desktop/ai-thinker/GPRS_C_SDK/build/gps/libs/lib\liblibs_debug.a(minmea.o)
 .text          0x0000000000000000        0x0 C:/Users/HugElectronica/Desktop/ai-thinker/GPRS_C_SDK/build/gps/libs/lib\liblibs_debug.a(assert.o)
 .data          0x0000000000000000        0x0 C:/Users/HugElectronica/Desktop/ai-thinker/GPRS_C_SDK/build/gps/libs/lib\liblibs_debug.a(assert.o)
 .bss           0x0000000000000000        0x0 C:/Users/HugElectronica/Desktop/ai-thinker/GPRS_C_SDK/build/gps/libs/lib\liblibs_debug.a(assert.o)
 .reginfo       0x0000000000000000       0x18 C:/Users/HugElectronica/Desktop/ai-thinker/GPRS_C_SDK/build/gps/libs/lib\liblibs_debug.a(assert.o)
 .pdr           0x0000000000000000       0x20 C:/Users/HugElectronica/Desktop/ai-thinker/GPRS_C_SDK/build/gps/libs/lib\liblibs_debug.a(assert.o)
 .text          0x0000000000000000        0x0 C:/Users/HugElectronica/Desktop/ai-thinker/GPRS_C_SDK/build/gps/libs/lib\liblibs_debug.a(buffer.o)
 .data          0x0000000000000000        0x0 C:/Users/HugElectronica/Desktop/ai-thinker/GPRS_C_SDK/build/gps/libs/lib\liblibs_debug.a(buffer.o)
 .bss           0x0000000000000000        0x0 C:/Users/HugElectronica/Desktop/ai-thinker/GPRS_C_SDK/build/gps/libs/lib\liblibs_debug.a(buffer.o)
 .reginfo       0x0000000000000000       0x18 C:/Users/HugElectronica/Desktop/ai-thinker/GPRS_C_SDK/build/gps/libs/lib\liblibs_debug.a(buffer.o)
 .pdr           0x0000000000000000      0x100 C:/Users/HugElectronica/Desktop/ai-thinker/GPRS_C_SDK/build/gps/libs/lib\liblibs_debug.a(buffer.o)
 .text          0x0000000000000000       0x2c C:/Users/HugElectronica/Desktop/ai-thinker/GPRS_C_SDK/platform/lib/gcc/mips-elf/4.4.2\libgcc.a(_sf_to_df.o)
 .data          0x0000000000000000        0x0 C:/Users/HugElectronica/Desktop/ai-thinker/GPRS_C_SDK/platform/lib/gcc/mips-elf/4.4.2\libgcc.a(_sf_to_df.o)
 .bss           0x0000000000000000        0x0 C:/Users/HugElectronica/Desktop/ai-thinker/GPRS_C_SDK/platform/lib/gcc/mips-elf/4.4.2\libgcc.a(_sf_to_df.o)
 .reginfo       0x0000000000000000       0x18 C:/Users/HugElectronica/Desktop/ai-thinker/GPRS_C_SDK/platform/lib/gcc/mips-elf/4.4.2\libgcc.a(_sf_to_df.o)
 .pdr           0x0000000000000000       0x20 C:/Users/HugElectronica/Desktop/ai-thinker/GPRS_C_SDK/platform/lib/gcc/mips-elf/4.4.2\libgcc.a(_sf_to_df.o)
 .data          0x0000000000000000        0x0 C:/Users/HugElectronica/Desktop/ai-thinker/GPRS_C_SDK/platform/lib/gcc/mips-elf/4.4.2\libgcc.a(_addsub_df.o)
 .bss           0x0000000000000000        0x0 C:/Users/HugElectronica/Desktop/ai-thinker/GPRS_C_SDK/platform/lib/gcc/mips-elf/4.4.2\libgcc.a(_addsub_df.o)
 .reginfo       0x0000000000000000       0x18 C:/Users/HugElectronica/Desktop/ai-thinker/GPRS_C_SDK/platform/lib/gcc/mips-elf/4.4.2\libgcc.a(_addsub_df.o)
 .pdr           0x0000000000000000       0x60 C:/Users/HugElectronica/Desktop/ai-thinker/GPRS_C_SDK/platform/lib/gcc/mips-elf/4.4.2\libgcc.a(_addsub_df.o)
 .data          0x0000000000000000        0x0 C:/Users/HugElectronica/Desktop/ai-thinker/GPRS_C_SDK/platform/lib/gcc/mips-elf/4.4.2\libgcc.a(_div_df.o)
 .bss           0x0000000000000000        0x0 C:/Users/HugElectronica/Desktop/ai-thinker/GPRS_C_SDK/platform/lib/gcc/mips-elf/4.4.2\libgcc.a(_div_df.o)
 .reginfo       0x0000000000000000       0x18 C:/Users/HugElectronica/Desktop/ai-thinker/GPRS_C_SDK/platform/lib/gcc/mips-elf/4.4.2\libgcc.a(_div_df.o)
 .pdr           0x0000000000000000       0x20 C:/Users/HugElectronica/Desktop/ai-thinker/GPRS_C_SDK/platform/lib/gcc/mips-elf/4.4.2\libgcc.a(_div_df.o)
 .data          0x0000000000000000        0x0 C:/Users/HugElectronica/Desktop/ai-thinker/GPRS_C_SDK/platform/lib/gcc/mips-elf/4.4.2\libgcc.a(_si_to_df.o)
 .bss           0x0000000000000000        0x0 C:/Users/HugElectronica/Desktop/ai-thinker/GPRS_C_SDK/platform/lib/gcc/mips-elf/4.4.2\libgcc.a(_si_to_df.o)
 .reginfo       0x0000000000000000       0x18 C:/Users/HugElectronica/Desktop/ai-thinker/GPRS_C_SDK/platform/lib/gcc/mips-elf/4.4.2\libgcc.a(_si_to_df.o)
 .pdr           0x0000000000000000       0x20 C:/Users/HugElectronica/Desktop/ai-thinker/GPRS_C_SDK/platform/lib/gcc/mips-elf/4.4.2\libgcc.a(_si_to_df.o)
 .text          0x0000000000000000       0x20 C:/Users/HugElectronica/Desktop/ai-thinker/GPRS_C_SDK/platform/lib/gcc/mips-elf/4.4.2\libgcc.a(_make_df.o)
 .data          0x0000000000000000        0x0 C:/Users/HugElectronica/Desktop/ai-thinker/GPRS_C_SDK/platform/lib/gcc/mips-elf/4.4.2\libgcc.a(_make_df.o)
 .bss           0x0000000000000000        0x0 C:/Users/HugElectronica/Desktop/ai-thinker/GPRS_C_SDK/platform/lib/gcc/mips-elf/4.4.2\libgcc.a(_make_df.o)
 .reginfo       0x0000000000000000       0x18 C:/Users/HugElectronica/Desktop/ai-thinker/GPRS_C_SDK/platform/lib/gcc/mips-elf/4.4.2\libgcc.a(_make_df.o)
 .pdr           0x0000000000000000       0x20 C:/Users/HugElectronica/Desktop/ai-thinker/GPRS_C_SDK/platform/lib/gcc/mips-elf/4.4.2\libgcc.a(_make_df.o)
 .text          0x0000000000000000        0x0 C:/Users/HugElectronica/Desktop/ai-thinker/GPRS_C_SDK/platform/lib/gcc/mips-elf/4.4.2\libgcc.a(_thenan_df.o)
 .data          0x0000000000000000        0x0 C:/Users/HugElectronica/Desktop/ai-thinker/GPRS_C_SDK/platform/lib/gcc/mips-elf/4.4.2\libgcc.a(_thenan_df.o)
 .bss           0x0000000000000000        0x0 C:/Users/HugElectronica/Desktop/ai-thinker/GPRS_C_SDK/platform/lib/gcc/mips-elf/4.4.2\libgcc.a(_thenan_df.o)
 .reginfo       0x0000000000000000       0x18 C:/Users/HugElectronica/Desktop/ai-thinker/GPRS_C_SDK/platform/lib/gcc/mips-elf/4.4.2\libgcc.a(_thenan_df.o)
 .data          0x0000000000000000        0x0 C:/Users/HugElectronica/Desktop/ai-thinker/GPRS_C_SDK/platform/lib/gcc/mips-elf/4.4.2\libgcc.a(_lshrdi3.o)
 .bss           0x0000000000000000        0x0 C:/Users/HugElectronica/Desktop/ai-thinker/GPRS_C_SDK/platform/lib/gcc/mips-elf/4.4.2\libgcc.a(_lshrdi3.o)
 .reginfo       0x0000000000000000       0x18 C:/Users/HugElectronica/Desktop/ai-thinker/GPRS_C_SDK/platform/lib/gcc/mips-elf/4.4.2\libgcc.a(_lshrdi3.o)
 .pdr           0x0000000000000000       0x20 C:/Users/HugElectronica/Desktop/ai-thinker/GPRS_C_SDK/platform/lib/gcc/mips-elf/4.4.2\libgcc.a(_lshrdi3.o)
 .data          0x0000000000000000        0x0 C:/Users/HugElectronica/Desktop/ai-thinker/GPRS_C_SDK/platform/lib/gcc/mips-elf/4.4.2\libgcc.a(_ashldi3.o)
 .bss           0x0000000000000000        0x0 C:/Users/HugElectronica/Desktop/ai-thinker/GPRS_C_SDK/platform/lib/gcc/mips-elf/4.4.2\libgcc.a(_ashldi3.o)
 .reginfo       0x0000000000000000       0x18 C:/Users/HugElectronica/Desktop/ai-thinker/GPRS_C_SDK/platform/lib/gcc/mips-elf/4.4.2\libgcc.a(_ashldi3.o)
 .pdr           0x0000000000000000       0x20 C:/Users/HugElectronica/Desktop/ai-thinker/GPRS_C_SDK/platform/lib/gcc/mips-elf/4.4.2\libgcc.a(_ashldi3.o)
 .data          0x0000000000000000        0x0 C:/Users/HugElectronica/Desktop/ai-thinker/GPRS_C_SDK/platform/lib/gcc/mips-elf/4.4.2\libgcc.a(_ucmpdi2.o)
 .bss           0x0000000000000000        0x0 C:/Users/HugElectronica/Desktop/ai-thinker/GPRS_C_SDK/platform/lib/gcc/mips-elf/4.4.2\libgcc.a(_ucmpdi2.o)
 .reginfo       0x0000000000000000       0x18 C:/Users/HugElectronica/Desktop/ai-thinker/GPRS_C_SDK/platform/lib/gcc/mips-elf/4.4.2\libgcc.a(_ucmpdi2.o)
 .pdr           0x0000000000000000       0x20 C:/Users/HugElectronica/Desktop/ai-thinker/GPRS_C_SDK/platform/lib/gcc/mips-elf/4.4.2\libgcc.a(_ucmpdi2.o)
 .data          0x0000000000000000        0x0 C:/Users/HugElectronica/Desktop/ai-thinker/GPRS_C_SDK/platform/lib/gcc/mips-elf/4.4.2\libgcc.a(_clzsi2.o)
 .bss           0x0000000000000000        0x0 C:/Users/HugElectronica/Desktop/ai-thinker/GPRS_C_SDK/platform/lib/gcc/mips-elf/4.4.2\libgcc.a(_clzsi2.o)
 .reginfo       0x0000000000000000       0x18 C:/Users/HugElectronica/Desktop/ai-thinker/GPRS_C_SDK/platform/lib/gcc/mips-elf/4.4.2\libgcc.a(_clzsi2.o)
 .pdr           0x0000000000000000       0x20 C:/Users/HugElectronica/Desktop/ai-thinker/GPRS_C_SDK/platform/lib/gcc/mips-elf/4.4.2\libgcc.a(_clzsi2.o)
 .text          0x0000000000000000       0x7c C:/Users/HugElectronica/Desktop/ai-thinker/GPRS_C_SDK/platform/lib/gcc/mips-elf/4.4.2\libgcc.a(_unpack_sf.o)
 .data          0x0000000000000000        0x0 C:/Users/HugElectronica/Desktop/ai-thinker/GPRS_C_SDK/platform/lib/gcc/mips-elf/4.4.2\libgcc.a(_unpack_sf.o)
 .bss           0x0000000000000000        0x0 C:/Users/HugElectronica/Desktop/ai-thinker/GPRS_C_SDK/platform/lib/gcc/mips-elf/4.4.2\libgcc.a(_unpack_sf.o)
 .reginfo       0x0000000000000000       0x18 C:/Users/HugElectronica/Desktop/ai-thinker/GPRS_C_SDK/platform/lib/gcc/mips-elf/4.4.2\libgcc.a(_unpack_sf.o)
 .pdr           0x0000000000000000       0x20 C:/Users/HugElectronica/Desktop/ai-thinker/GPRS_C_SDK/platform/lib/gcc/mips-elf/4.4.2\libgcc.a(_unpack_sf.o)
 .data          0x0000000000000000        0x0 C:/Users/HugElectronica/Desktop/ai-thinker/GPRS_C_SDK/platform/lib/gcc/mips-elf/4.4.2\libgcc.a(_pack_df.o)
 .bss           0x0000000000000000        0x0 C:/Users/HugElectronica/Desktop/ai-thinker/GPRS_C_SDK/platform/lib/gcc/mips-elf/4.4.2\libgcc.a(_pack_df.o)
 .reginfo       0x0000000000000000       0x18 C:/Users/HugElectronica/Desktop/ai-thinker/GPRS_C_SDK/platform/lib/gcc/mips-elf/4.4.2\libgcc.a(_pack_df.o)
 .pdr           0x0000000000000000       0x20 C:/Users/HugElectronica/Desktop/ai-thinker/GPRS_C_SDK/platform/lib/gcc/mips-elf/4.4.2\libgcc.a(_pack_df.o)
 .data          0x0000000000000000        0x0 C:/Users/HugElectronica/Desktop/ai-thinker/GPRS_C_SDK/platform/lib/gcc/mips-elf/4.4.2\libgcc.a(_unpack_df.o)
 .bss           0x0000000000000000        0x0 C:/Users/HugElectronica/Desktop/ai-thinker/GPRS_C_SDK/platform/lib/gcc/mips-elf/4.4.2\libgcc.a(_unpack_df.o)
 .reginfo       0x0000000000000000       0x18 C:/Users/HugElectronica/Desktop/ai-thinker/GPRS_C_SDK/platform/lib/gcc/mips-elf/4.4.2\libgcc.a(_unpack_df.o)
 .pdr           0x0000000000000000       0x20 C:/Users/HugElectronica/Desktop/ai-thinker/GPRS_C_SDK/platform/lib/gcc/mips-elf/4.4.2\libgcc.a(_unpack_df.o)
 .text          0x0000000000000000        0x0 C:/Users/HugElectronica/Desktop/ai-thinker/GPRS_C_SDK/platform/lib/gcc/mips-elf/4.4.2\libgcc.a(_clz.o)
 .data          0x0000000000000000        0x0 C:/Users/HugElectronica/Desktop/ai-thinker/GPRS_C_SDK/platform/lib/gcc/mips-elf/4.4.2\libgcc.a(_clz.o)
 .bss           0x0000000000000000        0x0 C:/Users/HugElectronica/Desktop/ai-thinker/GPRS_C_SDK/platform/lib/gcc/mips-elf/4.4.2\libgcc.a(_clz.o)
 .reginfo       0x0000000000000000       0x18 C:/Users/HugElectronica/Desktop/ai-thinker/GPRS_C_SDK/platform/lib/gcc/mips-elf/4.4.2\libgcc.a(_clz.o)

Memory Configuration

Name             Origin             Length             Attributes
*default*        0x0000000000000000 0xffffffffffffffff

Linker script and memory map

LOAD C:/Users/HugElectronica/Desktop/ai-thinker/GPRS_C_SDK/platform/chip/rom/8955/lib/mem_bridge_rom_CHIP.elf
                0xffffffff88240000                . = 0xffffffff88240000
                0xffffffff88240000                __rom_start = .

.section_init   0xffffffff88240000       0x10
 *(.section_init)
 .section_init  0xffffffff88240000        0x8 C:/Users/HugElectronica/Desktop/ai-thinker/GPRS_C_SDK/build/gps/init/lib\libinit_debug.a(sdk_init.o)
                0xffffffff88240010                . = ALIGN (0x10)
 *fill*         0xffffffff88240008        0x8 00

.cust_rotext    0xffffffff88240010     0x22d0
 *(.text)
 .text          0xffffffff88240010      0x2f0 C:/Users/HugElectronica/Desktop/ai-thinker/GPRS_C_SDK/platform/lib/gcc/mips-elf/4.4.2\libgcc.a(_addsub_df.o)
                0xffffffff88240279                __subdf3
                0xffffffff882402c1                __adddf3
 .text          0xffffffff88240300      0x138 C:/Users/HugElectronica/Desktop/ai-thinker/GPRS_C_SDK/platform/lib/gcc/mips-elf/4.4.2\libgcc.a(_div_df.o)
                0xffffffff88240301                __divdf3
 .text          0xffffffff88240438       0x78 C:/Users/HugElectronica/Desktop/ai-thinker/GPRS_C_SDK/platform/lib/gcc/mips-elf/4.4.2\libgcc.a(_si_to_df.o)
                0xffffffff88240439                __floatsidf
 .text          0xffffffff882404b0       0x3c C:/Users/HugElectronica/Desktop/ai-thinker/GPRS_C_SDK/platform/lib/gcc/mips-elf/4.4.2\libgcc.a(_lshrdi3.o)
                0xffffffff882404b1                __lshrdi3
 .text          0xffffffff882404ec       0x3c C:/Users/HugElectronica/Desktop/ai-thinker/GPRS_C_SDK/platform/lib/gcc/mips-elf/4.4.2\libgcc.a(_ashldi3.o)
                0xffffffff882404ed                __ashldi3
 .text          0xffffffff88240528       0x28 C:/Users/HugElectronica/Desktop/ai-thinker/GPRS_C_SDK/platform/lib/gcc/mips-elf/4.4.2\libgcc.a(_ucmpdi2.o)
                0xffffffff88240529                __ucmpdi2
 .text          0xffffffff88240550       0x3c C:/Users/HugElectronica/Desktop/ai-thinker/GPRS_C_SDK/platform/lib/gcc/mips-elf/4.4.2\libgcc.a(_clzsi2.o)
                0xffffffff88240551                __clzsi2
 .text          0xffffffff8824058c      0x1a4 C:/Users/HugElectronica/Desktop/ai-thinker/GPRS_C_SDK/platform/lib/gcc/mips-elf/4.4.2\libgcc.a(_pack_df.o)
                0xffffffff8824058d                __pack_d
 .text          0xffffffff88240730       0xac C:/Users/HugElectronica/Desktop/ai-thinker/GPRS_C_SDK/platform/lib/gcc/mips-elf/4.4.2\libgcc.a(_unpack_df.o)
                0xffffffff88240731                __unpack_d
 *(.text.*)
 .text.user_Main
                0xffffffff882407dc       0x1c C:/Users/HugElectronica/Desktop/ai-thinker/GPRS_C_SDK/build/gps/init/lib\libinit_debug.a(sdk_init.o)
                0xffffffff882407dd                user_Main
 .text.user_Init
                0xffffffff882407f8       0x48 C:/Users/HugElectronica/Desktop/ai-thinker/GPRS_C_SDK/build/gps/init/lib\libinit_debug.a(sdk_init.o)
                0xffffffff882407f9                user_Init
 .text.gps_Main
                0xffffffff88240840       0x48 C:/Users/HugElectronica/Desktop/ai-thinker/GPRS_C_SDK/build/gps/demo/gps/lib\libgps_debug.a(demo_gps.o)
                0xffffffff88240841                gps_Main
 .text.gps_testTask
                0xffffffff88240888      0x2d0 C:/Users/HugElectronica/Desktop/ai-thinker/GPRS_C_SDK/build/gps/demo/gps/lib\libgps_debug.a(demo_gps.o)
                0xffffffff88240889                gps_testTask
 .text.EventDispatch
                0xffffffff88240b58      0x110 C:/Users/HugElectronica/Desktop/ai-thinker/GPRS_C_SDK/build/gps/demo/gps/lib\libgps_debug.a(demo_gps.o)
                0xffffffff88240b59                EventDispatch
 .text.gps_MainTask
                0xffffffff88240c68       0xbc C:/Users/HugElectronica/Desktop/ai-thinker/GPRS_C_SDK/build/gps/demo/gps/lib\libgps_debug.a(demo_gps.o)
                0xffffffff88240c69                gps_MainTask
 .text.GPS_Send
                0xffffffff88240d24       0x24 C:/Users/HugElectronica/Desktop/ai-thinker/GPRS_C_SDK/build/gps/libs/lib\liblibs_debug.a(gps.o)
                0xffffffff88240d25                GPS_Send
 .text.GPS_CheckParityBinary
                0xffffffff88240d48       0x30 C:/Users/HugElectronica/Desktop/ai-thinker/GPRS_C_SDK/build/gps/libs/lib\liblibs_debug.a(gps.o)
                0xffffffff88240d49                GPS_CheckParityBinary
 .text.GPS_IsCMDValid
                0xffffffff88240d78       0x68 C:/Users/HugElectronica/Desktop/ai-thinker/GPRS_C_SDK/build/gps/libs/lib\liblibs_debug.a(gps.o)
                0xffffffff88240d79                GPS_IsCMDValid
 .text.GPS_IsCMDACKValid
                0xffffffff88240de0        0xc C:/Users/HugElectronica/Desktop/ai-thinker/GPRS_C_SDK/build/gps/libs/lib\liblibs_debug.a(gps.o)
                0xffffffff88240de1                GPS_IsCMDACKValid
 .text.OnCmdAckFail
                0xffffffff88240dec       0x28 C:/Users/HugElectronica/Desktop/ai-thinker/GPRS_C_SDK/build/gps/libs/lib\liblibs_debug.a(gps.o)
                0xffffffff88240ded                OnCmdAckFail
 .text.SaveToTFCard
                0xffffffff88240e14       0x64 C:/Users/HugElectronica/Desktop/ai-thinker/GPRS_C_SDK/build/gps/libs/lib\liblibs_debug.a(gps.o)
                0xffffffff88240e15                SaveToTFCard
 .text.GPS_CheckParity
                0xffffffff88240e78       0x54 C:/Users/HugElectronica/Desktop/ai-thinker/GPRS_C_SDK/build/gps/libs/lib\liblibs_debug.a(gps.o)
                0xffffffff88240e79                GPS_CheckParity
 .text.GPS_AckCheck
                0xffffffff88240ecc       0xb8 C:/Users/HugElectronica/Desktop/ai-thinker/GPRS_C_SDK/build/gps/libs/lib\liblibs_debug.a(gps.o)
                0xffffffff88240ecd                GPS_AckCheck
 .text.GPS_GetAckCmdBinary
                0xffffffff88240f84       0x48 C:/Users/HugElectronica/Desktop/ai-thinker/GPRS_C_SDK/build/gps/libs/lib\liblibs_debug.a(gps.o)
                0xffffffff88240f85                GPS_GetAckCmdBinary
 .text.GPS_GetAckCmd
                0xffffffff88240fcc       0x60 C:/Users/HugElectronica/Desktop/ai-thinker/GPRS_C_SDK/build/gps/libs/lib\liblibs_debug.a(gps.o)
                0xffffffff88240fcd                GPS_GetAckCmd
 .text.GPS_CMDSend
                0xffffffff8824102c       0xa8 C:/Users/HugElectronica/Desktop/ai-thinker/GPRS_C_SDK/build/gps/libs/lib\liblibs_debug.a(gps.o)
                0xffffffff8824102d                GPS_CMDSend
 .text.GPS_SendCMDWaitAck
                0xffffffff882410d4       0xf0 C:/Users/HugElectronica/Desktop/ai-thinker/GPRS_C_SDK/build/gps/libs/lib\liblibs_debug.a(gps.o)
                0xffffffff882410d5                GPS_SendCMDWaitAck
 .text.GPS_SendWaiteNormalAck
                0xffffffff882411c4       0x88 C:/Users/HugElectronica/Desktop/ai-thinker/GPRS_C_SDK/build/gps/libs/lib\liblibs_debug.a(gps.o)
 .text.GPS_SetOutputInterval
                0xffffffff8824124c       0x4c C:/Users/HugElectronica/Desktop/ai-thinker/GPRS_C_SDK/build/gps/libs/lib\liblibs_debug.a(gps.o)
                0xffffffff8824124d                GPS_SetOutputInterval
 .text.GPS_GetVersion
                0xffffffff88241298       0xb8 C:/Users/HugElectronica/Desktop/ai-thinker/GPRS_C_SDK/build/gps/libs/lib\liblibs_debug.a(gps.o)
                0xffffffff88241299                GPS_GetVersion
 .text.GPS_Update
                0xffffffff88241350      0x22c C:/Users/HugElectronica/Desktop/ai-thinker/GPRS_C_SDK/build/gps/libs/lib\liblibs_debug.a(gps.o)
                0xffffffff88241351                GPS_Update
 .text.GPS_Init
                0xffffffff8824157c       0x20 C:/Users/HugElectronica/Desktop/ai-thinker/GPRS_C_SDK/build/gps/libs/lib\liblibs_debug.a(gps.o)
                0xffffffff8824157d                GPS_Init
 .text.Gps_GetInfo
                0xffffffff8824159c        0xc C:/Users/HugElectronica/Desktop/ai-thinker/GPRS_C_SDK/build/gps/libs/lib\liblibs_debug.a(gps_parse.o)
                0xffffffff8824159d                Gps_GetInfo
 .text.ParseOneNmea
                0xffffffff882415a8       0xfc C:/Users/HugElectronica/Desktop/ai-thinker/GPRS_C_SDK/build/gps/libs/lib\liblibs_debug.a(gps_parse.o)
                0xffffffff882415a9                ParseOneNmea
 .text.GPS_Parse
                0xffffffff882416a4       0x68 C:/Users/HugElectronica/Desktop/ai-thinker/GPRS_C_SDK/build/gps/libs/lib\liblibs_debug.a(gps_parse.o)
                0xffffffff882416a5                GPS_Parse
 .text.hex2int  0xffffffff8824170c       0x38 C:/Users/HugElectronica/Desktop/ai-thinker/GPRS_C_SDK/build/gps/libs/lib\liblibs_debug.a(minmea.o)
 .text.minmea_scan
                0xffffffff88241744      0x434 C:/Users/HugElectronica/Desktop/ai-thinker/GPRS_C_SDK/build/gps/libs/lib\liblibs_debug.a(minmea.o)
                0xffffffff88241745                minmea_scan
 .text.minmea_parse_zda
                0xffffffff88241b78       0x70 C:/Users/HugElectronica/Desktop/ai-thinker/GPRS_C_SDK/build/gps/libs/lib\liblibs_debug.a(minmea.o)
                0xffffffff88241b79                minmea_parse_zda
 .text.minmea_parse_vtg
                0xffffffff88241be8       0x90 C:/Users/HugElectronica/Desktop/ai-thinker/GPRS_C_SDK/build/gps/libs/lib\liblibs_debug.a(minmea.o)
                0xffffffff88241be9                minmea_parse_vtg
 .text.minmea_parse_gsv
                0xffffffff88241c78       0xa0 C:/Users/HugElectronica/Desktop/ai-thinker/GPRS_C_SDK/build/gps/libs/lib\liblibs_debug.a(minmea.o)
                0xffffffff88241c79                minmea_parse_gsv
 .text.minmea_parse_gst
                0xffffffff88241d18       0x60 C:/Users/HugElectronica/Desktop/ai-thinker/GPRS_C_SDK/build/gps/libs/lib\liblibs_debug.a(minmea.o)
                0xffffffff88241d19                minmea_parse_gst
 .text.minmea_parse_gll
                0xffffffff88241d78       0x70 C:/Users/HugElectronica/Desktop/ai-thinker/GPRS_C_SDK/build/gps/libs/lib\liblibs_debug.a(minmea.o)
                0xffffffff88241d79                minmea_parse_gll
 .text.minmea_parse_gsa
                0xffffffff88241de8       0x94 C:/Users/HugElectronica/Desktop/ai-thinker/GPRS_C_SDK/build/gps/libs/lib\liblibs_debug.a(minmea.o)
                0xffffffff88241de9                minmea_parse_gsa
 .text.minmea_parse_gga
                0xffffffff88241e7c       0x94 C:/Users/HugElectronica/Desktop/ai-thinker/GPRS_C_SDK/build/gps/libs/lib\liblibs_debug.a(minmea.o)
                0xffffffff88241e7d                minmea_parse_gga
 .text.minmea_parse_rmc
                0xffffffff88241f10       0x9c C:/Users/HugElectronica/Desktop/ai-thinker/GPRS_C_SDK/build/gps/libs/lib\liblibs_debug.a(minmea.o)
                0xffffffff88241f11                minmea_parse_rmc
 .text.minmea_check
                0xffffffff88241fac       0xb0 C:/Users/HugElectronica/Desktop/ai-thinker/GPRS_C_SDK/build/gps/libs/lib\liblibs_debug.a(minmea.o)
                0xffffffff88241fad                minmea_check
 .text.minmea_sentence_id
                0xffffffff8824205c       0xb8 C:/Users/HugElectronica/Desktop/ai-thinker/GPRS_C_SDK/build/gps/libs/lib\liblibs_debug.a(minmea.o)
                0xffffffff8824205d                minmea_sentence_id
 .text.Assert   0xffffffff88242114       0x20 C:/Users/HugElectronica/Desktop/ai-thinker/GPRS_C_SDK/build/gps/libs/lib\liblibs_debug.a(assert.o)
                0xffffffff88242115                Assert
 .text.Buffer_Query
                0xffffffff88242134       0x8c C:/Users/HugElectronica/Desktop/ai-thinker/GPRS_C_SDK/build/gps/libs/lib\liblibs_debug.a(buffer.o)
                0xffffffff88242135                Buffer_Query
 .text.Buffer_Size
                0xffffffff882421c0       0x18 C:/Users/HugElectronica/Desktop/ai-thinker/GPRS_C_SDK/build/gps/libs/lib\liblibs_debug.a(buffer.o)
                0xffffffff882421c1                Buffer_Size
 .text.Buffer_Gets
                0xffffffff882421d8       0x54 C:/Users/HugElectronica/Desktop/ai-thinker/GPRS_C_SDK/build/gps/libs/lib\liblibs_debug.a(buffer.o)
                0xffffffff882421d9                Buffer_Gets
 .text.Buffer_Puts
                0xffffffff8824222c       0x58 C:/Users/HugElectronica/Desktop/ai-thinker/GPRS_C_SDK/build/gps/libs/lib\liblibs_debug.a(buffer.o)
                0xffffffff8824222d                Buffer_Puts
 .text.Buffer_Size2
                0xffffffff88242284       0x14 C:/Users/HugElectronica/Desktop/ai-thinker/GPRS_C_SDK/build/gps/libs/lib\liblibs_debug.a(buffer.o)
                0xffffffff88242285                Buffer_Size2
 .text.Buffer_Clear
                0xffffffff88242298        0x8 C:/Users/HugElectronica/Desktop/ai-thinker/GPRS_C_SDK/build/gps/libs/lib\liblibs_debug.a(buffer.o)
                0xffffffff88242299                Buffer_Clear
 .text.Buffer_StartPostion
                0xffffffff882422a0       0x14 C:/Users/HugElectronica/Desktop/ai-thinker/GPRS_C_SDK/build/gps/libs/lib\liblibs_debug.a(buffer.o)
                0xffffffff882422a1                Buffer_StartPostion
 .text.Buffer_Init
                0xffffffff882422b4       0x28 C:/Users/HugElectronica/Desktop/ai-thinker/GPRS_C_SDK/build/gps/libs/lib\liblibs_debug.a(buffer.o)
                0xffffffff882422b5                Buffer_Init
 *(.stub .gnu.linkonce.t.*)
                0xffffffff882422e0                . = ALIGN (0x20)
 *fill*         0xffffffff882422dc        0x4 00

.cust_rodata    0xffffffff882422e0      0x500
 *(.rdata)
 *(.rodata)
 .rodata        0xffffffff882422e0       0x18 C:/Users/HugElectronica/Desktop/ai-thinker/GPRS_C_SDK/platform/lib/gcc/mips-elf/4.4.2\libgcc.a(_thenan_df.o)
                0xffffffff882422e0                __thenan_df
 .rodata        0xffffffff882422f8      0x100 C:/Users/HugElectronica/Desktop/ai-thinker/GPRS_C_SDK/platform/lib/gcc/mips-elf/4.4.2\libgcc.a(_clz.o)
                0xffffffff882422f8                __clz_tab
 *(.rodata.*)
 .rodata.str1.4
                0xffffffff882423f8      0x1e1 C:/Users/HugElectronica/Desktop/ai-thinker/GPRS_C_SDK/build/gps/demo/gps/lib\libgps_debug.a(demo_gps.o)
                                        0x1e4 (size before relaxing)
 *fill*         0xffffffff882425d9        0x3 00
 .rodata.str1.4
                0xffffffff882425dc      0x147 C:/Users/HugElectronica/Desktop/ai-thinker/GPRS_C_SDK/build/gps/libs/lib\liblibs_debug.a(gps.o)
                                        0x150 (size before relaxing)
 *fill*         0xffffffff88242723        0x1 00
 .rodata.GPS_CMD_BINARY_HEADER
                0xffffffff88242724        0x4 C:/Users/HugElectronica/Desktop/ai-thinker/GPRS_C_SDK/build/gps/libs/lib\liblibs_debug.a(gps.o)
                0xffffffff88242724                GPS_CMD_BINARY_HEADER
 .rodata.Hex_Str
                0xffffffff88242728       0x10 C:/Users/HugElectronica/Desktop/ai-thinker/GPRS_C_SDK/build/gps/libs/lib\liblibs_debug.a(gps.o)
                0xffffffff88242728                Hex_Str
 .rodata.str1.4
                0x0000000000000000        0x4 C:/Users/HugElectronica/Desktop/ai-thinker/GPRS_C_SDK/build/gps/libs/lib\liblibs_debug.a(gps_parse.o)
 .rodata.str1.4
                0xffffffff88242738       0x98 C:/Users/HugElectronica/Desktop/ai-thinker/GPRS_C_SDK/build/gps/libs/lib\liblibs_debug.a(minmea.o)
                                         0xa4 (size before relaxing)
 *(.rodata.*_png)
 *(.gnu.linkonce.r.*)
 *(.rodata1)
 *(.roresdata)
 *(.robsdata)
                0xffffffff882427e0                . = ALIGN (0x20)
 *fill*         0xffffffff882427d0       0x10 00
                0xffffffff882427e0                __user_rw_lma = .
                0x00000000000027e0                __rom_size = (__user_rw_lma - __rom_start)
                0xffffffff82300000                . = 0xffffffff82300000

.cust_data      0xffffffff82300000       0x10 load address 0xffffffff882427e0
                0xffffffff82300000                __user_rw_start = .
 *(.data)
 *(.data.*)
 .data.isGpsOn  0xffffffff82300000        0x1 C:/Users/HugElectronica/Desktop/ai-thinker/GPRS_C_SDK/build/gps/demo/gps/lib\libgps_debug.a(demo_gps.o)
                0xffffffff82300000                isGpsOn
 .data.flag_old.4059
                0xffffffff82300001        0x1 C:/Users/HugElectronica/Desktop/ai-thinker/GPRS_C_SDK/build/gps/libs/lib\liblibs_debug.a(gps_parse.o)
 *(.gnu.linkonce.d.*)
 *(.sdata .sdata.* .gnu.linkonce.s.*)
 *(.sdata2 .sdata2.* .gnu.linkonce.s2.*)
                0xffffffff82300010                . = ALIGN (0x10)
 *fill*         0xffffffff82300002        0xe 00
                0xffffffff82300010                __user_rw_end = .
                0x0000000000000010                __user_rw_size = (__user_rw_end - __user_rw_start)
                0xffffffff82300010                __user_bss_start = .

.cust_bss       0xffffffff82300010     0x1420
 *(.sbss .sbss.* .gnu.linkonce.sb.*)
 *(.sbss2 .sbss2.* .gnu.linkonce.sb2.*)
 *(.scommon)
 .scommon       0xffffffff82300010        0x4 C:/Users/HugElectronica/Desktop/ai-thinker/GPRS_C_SDK/build/gps/init/lib\libinit_debug.a(sdk_init.o)
                0xffffffff82300010                temp000___
 *(.dynbss)
 *(.bss .bss.* .gnu.linkonce.b.*)
 .bss.g_InterfaceVtbl
                0xffffffff82300014        0x4 C:/Users/HugElectronica/Desktop/ai-thinker/GPRS_C_SDK/build/gps/init/lib\libinit_debug.a(sdk_init.o)
                0xffffffff82300014                g_InterfaceVtbl
 .bss.flag      0xffffffff82300018        0x1 C:/Users/HugElectronica/Desktop/ai-thinker/GPRS_C_SDK/build/gps/demo/gps/lib\libgps_debug.a(demo_gps.o)
                0xffffffff82300018                flag
 *fill*         0xffffffff82300019        0x3 00
 .bss.gpsTaskHandle
                0xffffffff8230001c        0x4 C:/Users/HugElectronica/Desktop/ai-thinker/GPRS_C_SDK/build/gps/demo/gps/lib\libgps_debug.a(demo_gps.o)
 .bss.gpsAckMsg
                0xffffffff82300020        0x4 C:/Users/HugElectronica/Desktop/ai-thinker/GPRS_C_SDK/build/gps/libs/lib\liblibs_debug.a(gps.o)
 .bss.isCmdSendTimeOut
                0xffffffff82300024        0x1 C:/Users/HugElectronica/Desktop/ai-thinker/GPRS_C_SDK/build/gps/libs/lib\liblibs_debug.a(gps.o)
 *fill*         0xffffffff82300025        0x3 00
 .bss.semCmdSending
                0xffffffff82300028        0x4 C:/Users/HugElectronica/Desktop/ai-thinker/GPRS_C_SDK/build/gps/libs/lib\liblibs_debug.a(gps.o)
 .bss.isSaveLog
                0xffffffff8230002c        0x1 C:/Users/HugElectronica/Desktop/ai-thinker/GPRS_C_SDK/build/gps/libs/lib\liblibs_debug.a(gps.o)
 *fill*         0xffffffff8230002d        0x3 00
 .bss.gpsLogPath
                0xffffffff82300030        0x4 C:/Users/HugElectronica/Desktop/ai-thinker/GPRS_C_SDK/build/gps/libs/lib\liblibs_debug.a(gps.o)
 .bss.tmp       0xffffffff82300034      0x404 C:/Users/HugElectronica/Desktop/ai-thinker/GPRS_C_SDK/build/gps/libs/lib\liblibs_debug.a(gps.o)
 .bss.gpsNmeaBuffer
                0xffffffff82300438        0xc C:/Users/HugElectronica/Desktop/ai-thinker/GPRS_C_SDK/build/gps/libs/lib\liblibs_debug.a(gps.o)
 .bss.gpsDataBuffer
                0xffffffff82300444      0x800 C:/Users/HugElectronica/Desktop/ai-thinker/GPRS_C_SDK/build/gps/libs/lib\liblibs_debug.a(gps.o)
 .bss.flag.4129
                0xffffffff82300c44        0x1 C:/Users/HugElectronica/Desktop/ai-thinker/GPRS_C_SDK/build/gps/libs/lib\liblibs_debug.a(gps_parse.o)
 .bss.gsa_count.4061
                0xffffffff82300c45        0x1 C:/Users/HugElectronica/Desktop/ai-thinker/GPRS_C_SDK/build/gps/libs/lib\liblibs_debug.a(gps_parse.o)
 .bss.gsv_count.4060
                0xffffffff82300c46        0x1 C:/Users/HugElectronica/Desktop/ai-thinker/GPRS_C_SDK/build/gps/libs/lib\liblibs_debug.a(gps_parse.o)
 *(COMMON)
 *fill*         0xffffffff82300c47        0x1 00
 COMMON         0xffffffff82300c48      0x7dc C:/Users/HugElectronica/Desktop/ai-thinker/GPRS_C_SDK/build/gps/libs/lib\liblibs_debug.a(gps_parse.o)
                0xffffffff82300c48                g_gps_info
 *(.rambss)
                0xffffffff82301430                . = ALIGN (0x10)
 *fill*         0xffffffff82301424        0xc 00
                0xffffffff82301430                __user_bss_end = .
                0x0000000000001420                __user_bss_size = (__user_bss_end - __user_bss_start)

.stab
 *(.stab)

.stabstr
 *(.stabstr)

.stab.excl
 *(.stab.excl)

.stab.exclstr
 *(.stab.exclstr)

.stab.index
 *(.stab.index)

.stab.indexstr
 *(.stab.indexstr)

.reginfo        0x0000000000000000       0x18
 .reginfo       0x0000000000000000       0x18 C:/Users/HugElectronica/Desktop/ai-thinker/GPRS_C_SDK/build/gps/init/lib\libinit_debug.a(sdk_init.o)

.mdebug.abi32   0x0000000000000000        0x0
 .mdebug.abi32  0x0000000000000000        0x0 C:/Users/HugElectronica/Desktop/ai-thinker/GPRS_C_SDK/build/gps/init/lib\libinit_debug.a(sdk_init.o)
 .mdebug.abi32  0x0000000000000000        0x0 C:/Users/HugElectronica/Desktop/ai-thinker/GPRS_C_SDK/build/gps/demo/gps/lib\libgps_debug.a(demo_gps.o)
 .mdebug.abi32  0x0000000000000000        0x0 C:/Users/HugElectronica/Desktop/ai-thinker/GPRS_C_SDK/build/gps/libs/lib\liblibs_debug.a(gps.o)
 .mdebug.abi32  0x0000000000000000        0x0 C:/Users/HugElectronica/Desktop/ai-thinker/GPRS_C_SDK/build/gps/libs/lib\liblibs_debug.a(gps_parse.o)
 .mdebug.abi32  0x0000000000000000        0x0 C:/Users/HugElectronica/Desktop/ai-thinker/GPRS_C_SDK/build/gps/libs/lib\liblibs_debug.a(minmea.o)
 .mdebug.abi32  0x0000000000000000        0x0 C:/Users/HugElectronica/Desktop/ai-thinker/GPRS_C_SDK/build/gps/libs/lib\liblibs_debug.a(assert.o)
 .mdebug.abi32  0x0000000000000000        0x0 C:/Users/HugElectronica/Desktop/ai-thinker/GPRS_C_SDK/build/gps/libs/lib\liblibs_debug.a(buffer.o)
 .mdebug.abi32  0x0000000000000000        0x0 C:/Users/HugElectronica/Desktop/ai-thinker/GPRS_C_SDK/platform/lib/gcc/mips-elf/4.4.2\libgcc.a(_sf_to_df.o)
 .mdebug.abi32  0x0000000000000000        0x0 C:/Users/HugElectronica/Desktop/ai-thinker/GPRS_C_SDK/platform/lib/gcc/mips-elf/4.4.2\libgcc.a(_addsub_df.o)
 .mdebug.abi32  0x0000000000000000        0x0 C:/Users/HugElectronica/Desktop/ai-thinker/GPRS_C_SDK/platform/lib/gcc/mips-elf/4.4.2\libgcc.a(_div_df.o)
 .mdebug.abi32  0x0000000000000000        0x0 C:/Users/HugElectronica/Desktop/ai-thinker/GPRS_C_SDK/platform/lib/gcc/mips-elf/4.4.2\libgcc.a(_si_to_df.o)
 .mdebug.abi32  0x0000000000000000        0x0 C:/Users/HugElectronica/Desktop/ai-thinker/GPRS_C_SDK/platform/lib/gcc/mips-elf/4.4.2\libgcc.a(_make_df.o)
 .mdebug.abi32  0x0000000000000000        0x0 C:/Users/HugElectronica/Desktop/ai-thinker/GPRS_C_SDK/platform/lib/gcc/mips-elf/4.4.2\libgcc.a(_thenan_df.o)
 .mdebug.abi32  0x0000000000000000        0x0 C:/Users/HugElectronica/Desktop/ai-thinker/GPRS_C_SDK/platform/lib/gcc/mips-elf/4.4.2\libgcc.a(_lshrdi3.o)
 .mdebug.abi32  0x0000000000000000        0x0 C:/Users/HugElectronica/Desktop/ai-thinker/GPRS_C_SDK/platform/lib/gcc/mips-elf/4.4.2\libgcc.a(_ashldi3.o)
 .mdebug.abi32  0x0000000000000000        0x0 C:/Users/HugElectronica/Desktop/ai-thinker/GPRS_C_SDK/platform/lib/gcc/mips-elf/4.4.2\libgcc.a(_ucmpdi2.o)
 .mdebug.abi32  0x0000000000000000        0x0 C:/Users/HugElectronica/Desktop/ai-thinker/GPRS_C_SDK/platform/lib/gcc/mips-elf/4.4.2\libgcc.a(_clzsi2.o)
 .mdebug.abi32  0x0000000000000000        0x0 C:/Users/HugElectronica/Desktop/ai-thinker/GPRS_C_SDK/platform/lib/gcc/mips-elf/4.4.2\libgcc.a(_unpack_sf.o)
 .mdebug.abi32  0x0000000000000000        0x0 C:/Users/HugElectronica/Desktop/ai-thinker/GPRS_C_SDK/platform/lib/gcc/mips-elf/4.4.2\libgcc.a(_pack_df.o)
 .mdebug.abi32  0x0000000000000000        0x0 C:/Users/HugElectronica/Desktop/ai-thinker/GPRS_C_SDK/platform/lib/gcc/mips-elf/4.4.2\libgcc.a(_unpack_df.o)
 .mdebug.abi32  0x0000000000000000        0x0 C:/Users/HugElectronica/Desktop/ai-thinker/GPRS_C_SDK/platform/lib/gcc/mips-elf/4.4.2\libgcc.a(_clz.o)

.gnu.attributes
                0x0000000000000000       0x10
 .gnu.attributes
                0x0000000000000000       0x10 C:/Users/HugElectronica/Desktop/ai-thinker/GPRS_C_SDK/build/gps/init/lib\libinit_debug.a(sdk_init.o)
 .gnu.attributes
                0x0000000000000010       0x10 C:/Users/HugElectronica/Desktop/ai-thinker/GPRS_C_SDK/build/gps/demo/gps/lib\libgps_debug.a(demo_gps.o)
 .gnu.attributes
                0x0000000000000020       0x10 C:/Users/HugElectronica/Desktop/ai-thinker/GPRS_C_SDK/build/gps/libs/lib\liblibs_debug.a(gps.o)
 .gnu.attributes
                0x0000000000000030       0x10 C:/Users/HugElectronica/Desktop/ai-thinker/GPRS_C_SDK/build/gps/libs/lib\liblibs_debug.a(gps_parse.o)
 .gnu.attributes
                0x0000000000000040       0x10 C:/Users/HugElectronica/Desktop/ai-thinker/GPRS_C_SDK/build/gps/libs/lib\liblibs_debug.a(minmea.o)
 .gnu.attributes
                0x0000000000000050       0x10 C:/Users/HugElectronica/Desktop/ai-thinker/GPRS_C_SDK/build/gps/libs/lib\liblibs_debug.a(assert.o)
 .gnu.attributes
                0x0000000000000060       0x10 C:/Users/HugElectronica/Desktop/ai-thinker/GPRS_C_SDK/build/gps/libs/lib\liblibs_debug.a(buffer.o)
 .gnu.attributes
                0x0000000000000070       0x10 C:/Users/HugElectronica/Desktop/ai-thinker/GPRS_C_SDK/platform/lib/gcc/mips-elf/4.4.2\libgcc.a(_sf_to_df.o)
 .gnu.attributes
                0x0000000000000080       0x10 C:/Users/HugElectronica/Desktop/ai-thinker/GPRS_C_SDK/platform/lib/gcc/mips-elf/4.4.2\libgcc.a(_addsub_df.o)
 .gnu.attributes
                0x0000000000000090       0x10 C:/Users/HugElectronica/Desktop/ai-thinker/GPRS_C_SDK/platform/lib/gcc/mips-elf/4.4.2\libgcc.a(_div_df.o)
 .gnu.attributes
                0x00000000000000a0       0x10 C:/Users/HugElectronica/Desktop/ai-thinker/GPRS_C_SDK/platform/lib/gcc/mips-elf/4.4.2\libgcc.a(_si_to_df.o)
 .gnu.attributes
                0x00000000000000b0       0x10 C:/Users/HugElectronica/Desktop/ai-thinker/GPRS_C_SDK/platform/lib/gcc/mips-elf/4.4.2\libgcc.a(_make_df.o)
 .gnu.attributes
                0x00000000000000c0       0x10 C:/Users/HugElectronica/Desktop/ai-thinker/GPRS_C_SDK/platform/lib/gcc/mips-elf/4.4.2\libgcc.a(_thenan_df.o)
 .gnu.attributes
                0x00000000000000d0       0x10 C:/Users/HugElectronica/Desktop/ai-thinker/GPRS_C_SDK/platform/lib/gcc/mips-elf/4.4.2\libgcc.a(_lshrdi3.o)
 .gnu.attributes
                0x00000000000000e0       0x10 C:/Users/HugElectronica/Desktop/ai-thinker/GPRS_C_SDK/platform/lib/gcc/mips-elf/4.4.2\libgcc.a(_ashldi3.o)
 .gnu.attributes
                0x00000000000000f0       0x10 C:/Users/HugElectronica/Desktop/ai-thinker/GPRS_C_SDK/platform/lib/gcc/mips-elf/4.4.2\libgcc.a(_ucmpdi2.o)
 .gnu.attributes
                0x0000000000000100       0x10 C:/Users/HugElectronica/Desktop/ai-thinker/GPRS_C_SDK/platform/lib/gcc/mips-elf/4.4.2\libgcc.a(_clzsi2.o)
 .gnu.attributes
                0x0000000000000110       0x10 C:/Users/HugElectronica/Desktop/ai-thinker/GPRS_C_SDK/platform/lib/gcc/mips-elf/4.4.2\libgcc.a(_unpack_sf.o)
 .gnu.attributes
                0x0000000000000120       0x10 C:/Users/HugElectronica/Desktop/ai-thinker/GPRS_C_SDK/platform/lib/gcc/mips-elf/4.4.2\libgcc.a(_pack_df.o)
 .gnu.attributes
                0x0000000000000130       0x10 C:/Users/HugElectronica/Desktop/ai-thinker/GPRS_C_SDK/platform/lib/gcc/mips-elf/4.4.2\libgcc.a(_unpack_df.o)
 .gnu.attributes
                0x0000000000000140       0x10 C:/Users/HugElectronica/Desktop/ai-thinker/GPRS_C_SDK/platform/lib/gcc/mips-elf/4.4.2\libgcc.a(_clz.o)

.pdr            0x0000000000000000        0x0
 .pdr           0x0000000000000000        0x0 C:/Users/HugElectronica/Desktop/ai-thinker/GPRS_C_SDK/platform/lib/gcc/mips-elf/4.4.2\libgcc.a(_thenan_df.o)
 .pdr           0x0000000000000000        0x0 C:/Users/HugElectronica/Desktop/ai-thinker/GPRS_C_SDK/platform/lib/gcc/mips-elf/4.4.2\libgcc.a(_clz.o)

.comment        0x0000000000000000       0x56
 *(.comment)
 .comment       0x0000000000000000       0x25 C:/Users/HugElectronica/Desktop/ai-thinker/GPRS_C_SDK/build/gps/init/lib\libinit_debug.a(sdk_init.o)
                                         0x26 (size before relaxing)
 .comment       0x0000000000000000       0x26 C:/Users/HugElectronica/Desktop/ai-thinker/GPRS_C_SDK/build/gps/demo/gps/lib\libgps_debug.a(demo_gps.o)
 .comment       0x0000000000000000       0x26 C:/Users/HugElectronica/Desktop/ai-thinker/GPRS_C_SDK/build/gps/libs/lib\liblibs_debug.a(gps.o)
 .comment       0x0000000000000000       0x26 C:/Users/HugElectronica/Desktop/ai-thinker/GPRS_C_SDK/build/gps/libs/lib\liblibs_debug.a(gps_parse.o)
 .comment       0x0000000000000000       0x26 C:/Users/HugElectronica/Desktop/ai-thinker/GPRS_C_SDK/build/gps/libs/lib\liblibs_debug.a(minmea.o)
 .comment       0x0000000000000000       0x26 C:/Users/HugElectronica/Desktop/ai-thinker/GPRS_C_SDK/build/gps/libs/lib\liblibs_debug.a(assert.o)
 .comment       0x0000000000000000       0x26 C:/Users/HugElectronica/Desktop/ai-thinker/GPRS_C_SDK/build/gps/libs/lib\liblibs_debug.a(buffer.o)
 .comment       0x0000000000000025       0x31 C:/Users/HugElectronica/Desktop/ai-thinker/GPRS_C_SDK/platform/lib/gcc/mips-elf/4.4.2\libgcc.a(_sf_to_df.o)
                                         0x32 (size before relaxing)
 .comment       0x0000000000000000       0x32 C:/Users/HugElectronica/Desktop/ai-thinker/GPRS_C_SDK/platform/lib/gcc/mips-elf/4.4.2\libgcc.a(_addsub_df.o)
 .comment       0x0000000000000000       0x32 C:/Users/HugElectronica/Desktop/ai-thinker/GPRS_C_SDK/platform/lib/gcc/mips-elf/4.4.2\libgcc.a(_div_df.o)
 .comment       0x0000000000000000       0x32 C:/Users/HugElectronica/Desktop/ai-thinker/GPRS_C_SDK/platform/lib/gcc/mips-elf/4.4.2\libgcc.a(_si_to_df.o)
 .comment       0x0000000000000000       0x32 C:/Users/HugElectronica/Desktop/ai-thinker/GPRS_C_SDK/platform/lib/gcc/mips-elf/4.4.2\libgcc.a(_make_df.o)
 .comment       0x0000000000000000       0x32 C:/Users/HugElectronica/Desktop/ai-thinker/GPRS_C_SDK/platform/lib/gcc/mips-elf/4.4.2\libgcc.a(_thenan_df.o)
 .comment       0x0000000000000000       0x32 C:/Users/HugElectronica/Desktop/ai-thinker/GPRS_C_SDK/platform/lib/gcc/mips-elf/4.4.2\libgcc.a(_lshrdi3.o)
 .comment       0x0000000000000000       0x32 C:/Users/HugElectronica/Desktop/ai-thinker/GPRS_C_SDK/platform/lib/gcc/mips-elf/4.4.2\libgcc.a(_ashldi3.o)
 .comment       0x0000000000000000       0x32 C:/Users/HugElectronica/Desktop/ai-thinker/GPRS_C_SDK/platform/lib/gcc/mips-elf/4.4.2\libgcc.a(_ucmpdi2.o)
 .comment       0x0000000000000000       0x32 C:/Users/HugElectronica/Desktop/ai-thinker/GPRS_C_SDK/platform/lib/gcc/mips-elf/4.4.2\libgcc.a(_clzsi2.o)
 .comment       0x0000000000000000       0x32 C:/Users/HugElectronica/Desktop/ai-thinker/GPRS_C_SDK/platform/lib/gcc/mips-elf/4.4.2\libgcc.a(_unpack_sf.o)
 .comment       0x0000000000000000       0x32 C:/Users/HugElectronica/Desktop/ai-thinker/GPRS_C_SDK/platform/lib/gcc/mips-elf/4.4.2\libgcc.a(_pack_df.o)
 .comment       0x0000000000000000       0x32 C:/Users/HugElectronica/Desktop/ai-thinker/GPRS_C_SDK/platform/lib/gcc/mips-elf/4.4.2\libgcc.a(_unpack_df.o)
 .comment       0x0000000000000000       0x32 C:/Users/HugElectronica/Desktop/ai-thinker/GPRS_C_SDK/platform/lib/gcc/mips-elf/4.4.2\libgcc.a(_clz.o)

.debug
 *(.debug)

.line
 *(.line)

.debug_srcinfo
 *(.debug_srcinfo)

.debug_sfnames
 *(.debug_sfnames)

.debug_aranges  0x0000000000000000      0x458
 *(.debug_aranges)
 .debug_aranges
                0x0000000000000000       0x28 C:/Users/HugElectronica/Desktop/ai-thinker/GPRS_C_SDK/build/gps/init/lib\libinit_debug.a(sdk_init.o)
 .debug_aranges
                0x0000000000000028       0x38 C:/Users/HugElectronica/Desktop/ai-thinker/GPRS_C_SDK/build/gps/demo/gps/lib\libgps_debug.a(demo_gps.o)
 .debug_aranges
                0x0000000000000060      0x140 C:/Users/HugElectronica/Desktop/ai-thinker/GPRS_C_SDK/build/gps/libs/lib\liblibs_debug.a(gps.o)
 .debug_aranges
                0x00000000000001a0       0x30 C:/Users/HugElectronica/Desktop/ai-thinker/GPRS_C_SDK/build/gps/libs/lib\liblibs_debug.a(gps_parse.o)
 .debug_aranges
                0x00000000000001d0       0x90 C:/Users/HugElectronica/Desktop/ai-thinker/GPRS_C_SDK/build/gps/libs/lib\liblibs_debug.a(minmea.o)
 .debug_aranges
                0x0000000000000260       0x20 C:/Users/HugElectronica/Desktop/ai-thinker/GPRS_C_SDK/build/gps/libs/lib\liblibs_debug.a(assert.o)
 .debug_aranges
                0x0000000000000280       0x58 C:/Users/HugElectronica/Desktop/ai-thinker/GPRS_C_SDK/build/gps/libs/lib\liblibs_debug.a(buffer.o)
 .debug_aranges
                0x00000000000002d8       0x20 C:/Users/HugElectronica/Desktop/ai-thinker/GPRS_C_SDK/platform/lib/gcc/mips-elf/4.4.2\libgcc.a(_sf_to_df.o)
 .debug_aranges
                0x00000000000002f8       0x20 C:/Users/HugElectronica/Desktop/ai-thinker/GPRS_C_SDK/platform/lib/gcc/mips-elf/4.4.2\libgcc.a(_addsub_df.o)
 .debug_aranges
                0x0000000000000318       0x20 C:/Users/HugElectronica/Desktop/ai-thinker/GPRS_C_SDK/platform/lib/gcc/mips-elf/4.4.2\libgcc.a(_div_df.o)
 .debug_aranges
                0x0000000000000338       0x20 C:/Users/HugElectronica/Desktop/ai-thinker/GPRS_C_SDK/platform/lib/gcc/mips-elf/4.4.2\libgcc.a(_si_to_df.o)
 .debug_aranges
                0x0000000000000358       0x20 C:/Users/HugElectronica/Desktop/ai-thinker/GPRS_C_SDK/platform/lib/gcc/mips-elf/4.4.2\libgcc.a(_make_df.o)
 .debug_aranges
                0x0000000000000378       0x20 C:/Users/HugElectronica/Desktop/ai-thinker/GPRS_C_SDK/platform/lib/gcc/mips-elf/4.4.2\libgcc.a(_lshrdi3.o)
 .debug_aranges
                0x0000000000000398       0x20 C:/Users/HugElectronica/Desktop/ai-thinker/GPRS_C_SDK/platform/lib/gcc/mips-elf/4.4.2\libgcc.a(_ashldi3.o)
 .debug_aranges
                0x00000000000003b8       0x20 C:/Users/HugElectronica/Desktop/ai-thinker/GPRS_C_SDK/platform/lib/gcc/mips-elf/4.4.2\libgcc.a(_ucmpdi2.o)
 .debug_aranges
                0x00000000000003d8       0x20 C:/Users/HugElectronica/Desktop/ai-thinker/GPRS_C_SDK/platform/lib/gcc/mips-elf/4.4.2\libgcc.a(_clzsi2.o)
 .debug_aranges
                0x00000000000003f8       0x20 C:/Users/HugElectronica/Desktop/ai-thinker/GPRS_C_SDK/platform/lib/gcc/mips-elf/4.4.2\libgcc.a(_unpack_sf.o)
 .debug_aranges
                0x0000000000000418       0x20 C:/Users/HugElectronica/Desktop/ai-thinker/GPRS_C_SDK/platform/lib/gcc/mips-elf/4.4.2\libgcc.a(_pack_df.o)
 .debug_aranges
                0x0000000000000438       0x20 C:/Users/HugElectronica/Desktop/ai-thinker/GPRS_C_SDK/platform/lib/gcc/mips-elf/4.4.2\libgcc.a(_unpack_df.o)

.debug_pubnames
                0x0000000000000000      0x7be
 *(.debug_pubnames)
 .debug_pubnames
                0x0000000000000000       0x51 C:/Users/HugElectronica/Desktop/ai-thinker/GPRS_C_SDK/build/gps/init/lib\libinit_debug.a(sdk_init.o)
 .debug_pubnames
                0x0000000000000051       0x68 C:/Users/HugElectronica/Desktop/ai-thinker/GPRS_C_SDK/build/gps/demo/gps/lib\libgps_debug.a(demo_gps.o)
 .debug_pubnames
                0x00000000000000b9      0x2fa C:/Users/HugElectronica/Desktop/ai-thinker/GPRS_C_SDK/build/gps/libs/lib\liblibs_debug.a(gps.o)
 .debug_pubnames
                0x00000000000003b3       0x50 C:/Users/HugElectronica/Desktop/ai-thinker/GPRS_C_SDK/build/gps/libs/lib\liblibs_debug.a(gps_parse.o)
 .debug_pubnames
                0x0000000000000403      0x12e C:/Users/HugElectronica/Desktop/ai-thinker/GPRS_C_SDK/build/gps/libs/lib\liblibs_debug.a(minmea.o)
 .debug_pubnames
                0x0000000000000531       0x1d C:/Users/HugElectronica/Desktop/ai-thinker/GPRS_C_SDK/build/gps/libs/lib\liblibs_debug.a(assert.o)
 .debug_pubnames
                0x000000000000054e       0x9d C:/Users/HugElectronica/Desktop/ai-thinker/GPRS_C_SDK/build/gps/libs/lib\liblibs_debug.a(buffer.o)
 .debug_pubnames
                0x00000000000005eb       0x24 C:/Users/HugElectronica/Desktop/ai-thinker/GPRS_C_SDK/platform/lib/gcc/mips-elf/4.4.2\libgcc.a(_sf_to_df.o)
 .debug_pubnames
                0x000000000000060f       0x2c C:/Users/HugElectronica/Desktop/ai-thinker/GPRS_C_SDK/platform/lib/gcc/mips-elf/4.4.2\libgcc.a(_addsub_df.o)
 .debug_pubnames
                0x000000000000063b       0x1f C:/Users/HugElectronica/Desktop/ai-thinker/GPRS_C_SDK/platform/lib/gcc/mips-elf/4.4.2\libgcc.a(_div_df.o)
 .debug_pubnames
                0x000000000000065a       0x22 C:/Users/HugElectronica/Desktop/ai-thinker/GPRS_C_SDK/platform/lib/gcc/mips-elf/4.4.2\libgcc.a(_si_to_df.o)
 .debug_pubnames
                0x000000000000067c       0x20 C:/Users/HugElectronica/Desktop/ai-thinker/GPRS_C_SDK/platform/lib/gcc/mips-elf/4.4.2\libgcc.a(_make_df.o)
 .debug_pubnames
                0x000000000000069c       0x22 C:/Users/HugElectronica/Desktop/ai-thinker/GPRS_C_SDK/platform/lib/gcc/mips-elf/4.4.2\libgcc.a(_thenan_df.o)
 .debug_pubnames
                0x00000000000006be       0x20 C:/Users/HugElectronica/Desktop/ai-thinker/GPRS_C_SDK/platform/lib/gcc/mips-elf/4.4.2\libgcc.a(_lshrdi3.o)
 .debug_pubnames
                0x00000000000006de       0x20 C:/Users/HugElectronica/Desktop/ai-thinker/GPRS_C_SDK/platform/lib/gcc/mips-elf/4.4.2\libgcc.a(_ashldi3.o)
 .debug_pubnames
                0x00000000000006fe       0x20 C:/Users/HugElectronica/Desktop/ai-thinker/GPRS_C_SDK/platform/lib/gcc/mips-elf/4.4.2\libgcc.a(_ucmpdi2.o)
 .debug_pubnames
                0x000000000000071e       0x1f C:/Users/HugElectronica/Desktop/ai-thinker/GPRS_C_SDK/platform/lib/gcc/mips-elf/4.4.2\libgcc.a(_clzsi2.o)
 .debug_pubnames
                0x000000000000073d       0x21 C:/Users/HugElectronica/Desktop/ai-thinker/GPRS_C_SDK/platform/lib/gcc/mips-elf/4.4.2\libgcc.a(_unpack_sf.o)
 .debug_pubnames
                0x000000000000075e       0x1f C:/Users/HugElectronica/Desktop/ai-thinker/GPRS_C_SDK/platform/lib/gcc/mips-elf/4.4.2\libgcc.a(_pack_df.o)
 .debug_pubnames
                0x000000000000077d       0x21 C:/Users/HugElectronica/Desktop/ai-thinker/GPRS_C_SDK/platform/lib/gcc/mips-elf/4.4.2\libgcc.a(_unpack_df.o)
 .debug_pubnames
                0x000000000000079e       0x20 C:/Users/HugElectronica/Desktop/ai-thinker/GPRS_C_SDK/platform/lib/gcc/mips-elf/4.4.2\libgcc.a(_clz.o)

.debug_info     0x0000000000000000    0x1ed03
 *(.debug_info .gnu.linkonce.wi.*)
 .debug_info    0x0000000000000000     0x52cc C:/Users/HugElectronica/Desktop/ai-thinker/GPRS_C_SDK/build/gps/init/lib\libinit_debug.a(sdk_init.o)
 .debug_info    0x00000000000052cc     0x5a4f C:/Users/HugElectronica/Desktop/ai-thinker/GPRS_C_SDK/build/gps/demo/gps/lib\libgps_debug.a(demo_gps.o)
 .debug_info    0x000000000000ad1b     0x64b0 C:/Users/HugElectronica/Desktop/ai-thinker/GPRS_C_SDK/build/gps/libs/lib\liblibs_debug.a(gps.o)
 .debug_info    0x00000000000111cb      0x768 C:/Users/HugElectronica/Desktop/ai-thinker/GPRS_C_SDK/build/gps/libs/lib\liblibs_debug.a(gps_parse.o)
 .debug_info    0x0000000000011933     0x6075 C:/Users/HugElectronica/Desktop/ai-thinker/GPRS_C_SDK/build/gps/libs/lib\liblibs_debug.a(minmea.o)
 .debug_info    0x00000000000179a8     0x5203 C:/Users/HugElectronica/Desktop/ai-thinker/GPRS_C_SDK/build/gps/libs/lib\liblibs_debug.a(assert.o)
 .debug_info    0x000000000001cbab      0x35b C:/Users/HugElectronica/Desktop/ai-thinker/GPRS_C_SDK/build/gps/libs/lib\liblibs_debug.a(buffer.o)
 .debug_info    0x000000000001cf06      0x241 C:/Users/HugElectronica/Desktop/ai-thinker/GPRS_C_SDK/platform/lib/gcc/mips-elf/4.4.2\libgcc.a(_sf_to_df.o)
 .debug_info    0x000000000001d147      0x48e C:/Users/HugElectronica/Desktop/ai-thinker/GPRS_C_SDK/platform/lib/gcc/mips-elf/4.4.2\libgcc.a(_addsub_df.o)
 .debug_info    0x000000000001d5d5      0x39e C:/Users/HugElectronica/Desktop/ai-thinker/GPRS_C_SDK/platform/lib/gcc/mips-elf/4.4.2\libgcc.a(_div_df.o)
 .debug_info    0x000000000001d973      0x214 C:/Users/HugElectronica/Desktop/ai-thinker/GPRS_C_SDK/platform/lib/gcc/mips-elf/4.4.2\libgcc.a(_si_to_df.o)
 .debug_info    0x000000000001db87      0x1d3 C:/Users/HugElectronica/Desktop/ai-thinker/GPRS_C_SDK/platform/lib/gcc/mips-elf/4.4.2\libgcc.a(_make_df.o)
 .debug_info    0x000000000001dd5a      0x160 C:/Users/HugElectronica/Desktop/ai-thinker/GPRS_C_SDK/platform/lib/gcc/mips-elf/4.4.2\libgcc.a(_thenan_df.o)
 .debug_info    0x000000000001deba      0x19b C:/Users/HugElectronica/Desktop/ai-thinker/GPRS_C_SDK/platform/lib/gcc/mips-elf/4.4.2\libgcc.a(_lshrdi3.o)
 .debug_info    0x000000000001e055      0x19f C:/Users/HugElectronica/Desktop/ai-thinker/GPRS_C_SDK/platform/lib/gcc/mips-elf/4.4.2\libgcc.a(_ashldi3.o)
 .debug_info    0x000000000001e1f4      0x160 C:/Users/HugElectronica/Desktop/ai-thinker/GPRS_C_SDK/platform/lib/gcc/mips-elf/4.4.2\libgcc.a(_ucmpdi2.o)
 .debug_info    0x000000000001e354      0x132 C:/Users/HugElectronica/Desktop/ai-thinker/GPRS_C_SDK/platform/lib/gcc/mips-elf/4.4.2\libgcc.a(_clzsi2.o)
 .debug_info    0x000000000001e486      0x25a C:/Users/HugElectronica/Desktop/ai-thinker/GPRS_C_SDK/platform/lib/gcc/mips-elf/4.4.2\libgcc.a(_unpack_sf.o)
 .debug_info    0x000000000001e6e0      0x2f8 C:/Users/HugElectronica/Desktop/ai-thinker/GPRS_C_SDK/platform/lib/gcc/mips-elf/4.4.2\libgcc.a(_pack_df.o)
 .debug_info    0x000000000001e9d8      0x266 C:/Users/HugElectronica/Desktop/ai-thinker/GPRS_C_SDK/platform/lib/gcc/mips-elf/4.4.2\libgcc.a(_unpack_df.o)
 .debug_info    0x000000000001ec3e       0xc5 C:/Users/HugElectronica/Desktop/ai-thinker/GPRS_C_SDK/platform/lib/gcc/mips-elf/4.4.2\libgcc.a(_clz.o)

.debug_abbrev   0x0000000000000000     0x2296
 *(.debug_abbrev)
 .debug_abbrev  0x0000000000000000      0x24b C:/Users/HugElectronica/Desktop/ai-thinker/GPRS_C_SDK/build/gps/init/lib\libinit_debug.a(sdk_init.o)
 .debug_abbrev  0x000000000000024b      0x2c5 C:/Users/HugElectronica/Desktop/ai-thinker/GPRS_C_SDK/build/gps/demo/gps/lib\libgps_debug.a(demo_gps.o)
 .debug_abbrev  0x0000000000000510      0x4ac C:/Users/HugElectronica/Desktop/ai-thinker/GPRS_C_SDK/build/gps/libs/lib\liblibs_debug.a(gps.o)
 .debug_abbrev  0x00000000000009bc      0x14e C:/Users/HugElectronica/Desktop/ai-thinker/GPRS_C_SDK/build/gps/libs/lib\liblibs_debug.a(gps_parse.o)
 .debug_abbrev  0x0000000000000b0a      0x3cb C:/Users/HugElectronica/Desktop/ai-thinker/GPRS_C_SDK/build/gps/libs/lib\liblibs_debug.a(minmea.o)
 .debug_abbrev  0x0000000000000ed5      0x21e C:/Users/HugElectronica/Desktop/ai-thinker/GPRS_C_SDK/build/gps/libs/lib\liblibs_debug.a(assert.o)
 .debug_abbrev  0x00000000000010f3      0x119 C:/Users/HugElectronica/Desktop/ai-thinker/GPRS_C_SDK/build/gps/libs/lib\liblibs_debug.a(buffer.o)
 .debug_abbrev  0x000000000000120c      0x131 C:/Users/HugElectronica/Desktop/ai-thinker/GPRS_C_SDK/platform/lib/gcc/mips-elf/4.4.2\libgcc.a(_sf_to_df.o)
 .debug_abbrev  0x000000000000133d      0x1ea C:/Users/HugElectronica/Desktop/ai-thinker/GPRS_C_SDK/platform/lib/gcc/mips-elf/4.4.2\libgcc.a(_addsub_df.o)
 .debug_abbrev  0x0000000000001527      0x1dc C:/Users/HugElectronica/Desktop/ai-thinker/GPRS_C_SDK/platform/lib/gcc/mips-elf/4.4.2\libgcc.a(_div_df.o)
 .debug_abbrev  0x0000000000001703      0x148 C:/Users/HugElectronica/Desktop/ai-thinker/GPRS_C_SDK/platform/lib/gcc/mips-elf/4.4.2\libgcc.a(_si_to_df.o)
 .debug_abbrev  0x000000000000184b      0x109 C:/Users/HugElectronica/Desktop/ai-thinker/GPRS_C_SDK/platform/lib/gcc/mips-elf/4.4.2\libgcc.a(_make_df.o)
 .debug_abbrev  0x0000000000001954       0xc3 C:/Users/HugElectronica/Desktop/ai-thinker/GPRS_C_SDK/platform/lib/gcc/mips-elf/4.4.2\libgcc.a(_thenan_df.o)
 .debug_abbrev  0x0000000000001a17      0x104 C:/Users/HugElectronica/Desktop/ai-thinker/GPRS_C_SDK/platform/lib/gcc/mips-elf/4.4.2\libgcc.a(_lshrdi3.o)
 .debug_abbrev  0x0000000000001b1b       0xf7 C:/Users/HugElectronica/Desktop/ai-thinker/GPRS_C_SDK/platform/lib/gcc/mips-elf/4.4.2\libgcc.a(_ashldi3.o)
 .debug_abbrev  0x0000000000001c12       0xd0 C:/Users/HugElectronica/Desktop/ai-thinker/GPRS_C_SDK/platform/lib/gcc/mips-elf/4.4.2\libgcc.a(_ucmpdi2.o)
 .debug_abbrev  0x0000000000001ce2       0xc4 C:/Users/HugElectronica/Desktop/ai-thinker/GPRS_C_SDK/platform/lib/gcc/mips-elf/4.4.2\libgcc.a(_clzsi2.o)
 .debug_abbrev  0x0000000000001da6      0x163 C:/Users/HugElectronica/Desktop/ai-thinker/GPRS_C_SDK/platform/lib/gcc/mips-elf/4.4.2\libgcc.a(_unpack_sf.o)
 .debug_abbrev  0x0000000000001f09      0x1c0 C:/Users/HugElectronica/Desktop/ai-thinker/GPRS_C_SDK/platform/lib/gcc/mips-elf/4.4.2\libgcc.a(_pack_df.o)
 .debug_abbrev  0x00000000000020c9      0x163 C:/Users/HugElectronica/Desktop/ai-thinker/GPRS_C_SDK/platform/lib/gcc/mips-elf/4.4.2\libgcc.a(_unpack_df.o)
 .debug_abbrev  0x000000000000222c       0x6a C:/Users/HugElectronica/Desktop/ai-thinker/GPRS_C_SDK/platform/lib/gcc/mips-elf/4.4.2\libgcc.a(_clz.o)

.debug_line     0x0000000000000000     0x2266
 *(.debug_line)
 .debug_line    0x0000000000000000      0x2f6 C:/Users/HugElectronica/Desktop/ai-thinker/GPRS_C_SDK/build/gps/init/lib\libinit_debug.a(sdk_init.o)
 .debug_line    0x00000000000002f6      0x44f C:/Users/HugElectronica/Desktop/ai-thinker/GPRS_C_SDK/build/gps/demo/gps/lib\libgps_debug.a(demo_gps.o)
 .debug_line    0x0000000000000745      0x7b3 C:/Users/HugElectronica/Desktop/ai-thinker/GPRS_C_SDK/build/gps/libs/lib\liblibs_debug.a(gps.o)
 .debug_line    0x0000000000000ef8      0x163 C:/Users/HugElectronica/Desktop/ai-thinker/GPRS_C_SDK/build/gps/libs/lib\liblibs_debug.a(gps_parse.o)
 .debug_line    0x000000000000105b      0x59b C:/Users/HugElectronica/Desktop/ai-thinker/GPRS_C_SDK/build/gps/libs/lib\liblibs_debug.a(minmea.o)
 .debug_line    0x00000000000015f6      0x2db C:/Users/HugElectronica/Desktop/ai-thinker/GPRS_C_SDK/build/gps/libs/lib\liblibs_debug.a(assert.o)
 .debug_line    0x00000000000018d1      0x157 C:/Users/HugElectronica/Desktop/ai-thinker/GPRS_C_SDK/build/gps/libs/lib\liblibs_debug.a(buffer.o)
 .debug_line    0x0000000000001a28       0x80 C:/Users/HugElectronica/Desktop/ai-thinker/GPRS_C_SDK/platform/lib/gcc/mips-elf/4.4.2\libgcc.a(_sf_to_df.o)
 .debug_line    0x0000000000001aa8      0x11b C:/Users/HugElectronica/Desktop/ai-thinker/GPRS_C_SDK/platform/lib/gcc/mips-elf/4.4.2\libgcc.a(_addsub_df.o)
 .debug_line    0x0000000000001bc3       0xd4 C:/Users/HugElectronica/Desktop/ai-thinker/GPRS_C_SDK/platform/lib/gcc/mips-elf/4.4.2\libgcc.a(_div_df.o)
 .debug_line    0x0000000000001c97       0xa5 C:/Users/HugElectronica/Desktop/ai-thinker/GPRS_C_SDK/platform/lib/gcc/mips-elf/4.4.2\libgcc.a(_si_to_df.o)
 .debug_line    0x0000000000001d3c       0x84 C:/Users/HugElectronica/Desktop/ai-thinker/GPRS_C_SDK/platform/lib/gcc/mips-elf/4.4.2\libgcc.a(_make_df.o)
 .debug_line    0x0000000000001dc0       0x69 C:/Users/HugElectronica/Desktop/ai-thinker/GPRS_C_SDK/platform/lib/gcc/mips-elf/4.4.2\libgcc.a(_thenan_df.o)
 .debug_line    0x0000000000001e29       0x77 C:/Users/HugElectronica/Desktop/ai-thinker/GPRS_C_SDK/platform/lib/gcc/mips-elf/4.4.2\libgcc.a(_lshrdi3.o)
 .debug_line    0x0000000000001ea0       0x79 C:/Users/HugElectronica/Desktop/ai-thinker/GPRS_C_SDK/platform/lib/gcc/mips-elf/4.4.2\libgcc.a(_ashldi3.o)
 .debug_line    0x0000000000001f19       0x6f C:/Users/HugElectronica/Desktop/ai-thinker/GPRS_C_SDK/platform/lib/gcc/mips-elf/4.4.2\libgcc.a(_ucmpdi2.o)
 .debug_line    0x0000000000001f88       0x79 C:/Users/HugElectronica/Desktop/ai-thinker/GPRS_C_SDK/platform/lib/gcc/mips-elf/4.4.2\libgcc.a(_clzsi2.o)
 .debug_line    0x0000000000002001       0xab C:/Users/HugElectronica/Desktop/ai-thinker/GPRS_C_SDK/platform/lib/gcc/mips-elf/4.4.2\libgcc.a(_unpack_sf.o)
 .debug_line    0x00000000000020ac       0xbf C:/Users/HugElectronica/Desktop/ai-thinker/GPRS_C_SDK/platform/lib/gcc/mips-elf/4.4.2\libgcc.a(_pack_df.o)
 .debug_line    0x000000000000216b       0xa3 C:/Users/HugElectronica/Desktop/ai-thinker/GPRS_C_SDK/platform/lib/gcc/mips-elf/4.4.2\libgcc.a(_unpack_df.o)
 .debug_line    0x000000000000220e       0x58 C:/Users/HugElectronica/Desktop/ai-thinker/GPRS_C_SDK/platform/lib/gcc/mips-elf/4.4.2\libgcc.a(_clz.o)

.debug_frame    0x0000000000000000      0x9dc
 *(.debug_frame)
 .debug_frame   0x0000000000000000       0x44 C:/Users/HugElectronica/Desktop/ai-thinker/GPRS_C_SDK/build/gps/init/lib\libinit_debug.a(sdk_init.o)
 .debug_frame   0x0000000000000044       0x8c C:/Users/HugElectronica/Desktop/ai-thinker/GPRS_C_SDK/build/gps/demo/gps/lib\libgps_debug.a(demo_gps.o)
 .debug_frame   0x00000000000000d0      0x3f0 C:/Users/HugElectronica/Desktop/ai-thinker/GPRS_C_SDK/build/gps/libs/lib\liblibs_debug.a(gps.o)
 .debug_frame   0x00000000000004c0       0x5c C:/Users/HugElectronica/Desktop/ai-thinker/GPRS_C_SDK/build/gps/libs/lib\liblibs_debug.a(gps_parse.o)
 .debug_frame   0x000000000000051c      0x19c C:/Users/HugElectronica/Desktop/ai-thinker/GPRS_C_SDK/build/gps/libs/lib\liblibs_debug.a(minmea.o)
 .debug_frame   0x00000000000006b8       0x28 C:/Users/HugElectronica/Desktop/ai-thinker/GPRS_C_SDK/build/gps/libs/lib\liblibs_debug.a(assert.o)
 .debug_frame   0x00000000000006e0       0xc8 C:/Users/HugElectronica/Desktop/ai-thinker/GPRS_C_SDK/build/gps/libs/lib\liblibs_debug.a(buffer.o)
 .debug_frame   0x00000000000007a8       0x28 C:/Users/HugElectronica/Desktop/ai-thinker/GPRS_C_SDK/platform/lib/gcc/mips-elf/4.4.2\libgcc.a(_sf_to_df.o)
 .debug_frame   0x00000000000007d0       0x70 C:/Users/HugElectronica/Desktop/ai-thinker/GPRS_C_SDK/platform/lib/gcc/mips-elf/4.4.2\libgcc.a(_addsub_df.o)
 .debug_frame   0x0000000000000840       0x30 C:/Users/HugElectronica/Desktop/ai-thinker/GPRS_C_SDK/platform/lib/gcc/mips-elf/4.4.2\libgcc.a(_div_df.o)
 .debug_frame   0x0000000000000870       0x30 C:/Users/HugElectronica/Desktop/ai-thinker/GPRS_C_SDK/platform/lib/gcc/mips-elf/4.4.2\libgcc.a(_si_to_df.o)
 .debug_frame   0x00000000000008a0       0x28 C:/Users/HugElectronica/Desktop/ai-thinker/GPRS_C_SDK/platform/lib/gcc/mips-elf/4.4.2\libgcc.a(_make_df.o)
 .debug_frame   0x00000000000008c8       0x2c C:/Users/HugElectronica/Desktop/ai-thinker/GPRS_C_SDK/platform/lib/gcc/mips-elf/4.4.2\libgcc.a(_lshrdi3.o)
 .debug_frame   0x00000000000008f4       0x2c C:/Users/HugElectronica/Desktop/ai-thinker/GPRS_C_SDK/platform/lib/gcc/mips-elf/4.4.2\libgcc.a(_ashldi3.o)
 .debug_frame   0x0000000000000920       0x2c C:/Users/HugElectronica/Desktop/ai-thinker/GPRS_C_SDK/platform/lib/gcc/mips-elf/4.4.2\libgcc.a(_ucmpdi2.o)
 .debug_frame   0x000000000000094c       0x20 C:/Users/HugElectronica/Desktop/ai-thinker/GPRS_C_SDK/platform/lib/gcc/mips-elf/4.4.2\libgcc.a(_clzsi2.o)
 .debug_frame   0x000000000000096c       0x20 C:/Users/HugElectronica/Desktop/ai-thinker/GPRS_C_SDK/platform/lib/gcc/mips-elf/4.4.2\libgcc.a(_unpack_sf.o)
 .debug_frame   0x000000000000098c       0x30 C:/Users/HugElectronica/Desktop/ai-thinker/GPRS_C_SDK/platform/lib/gcc/mips-elf/4.4.2\libgcc.a(_pack_df.o)
 .debug_frame   0x00000000000009bc       0x20 C:/Users/HugElectronica/Desktop/ai-thinker/GPRS_C_SDK/platform/lib/gcc/mips-elf/4.4.2\libgcc.a(_unpack_df.o)

.debug_str      0x0000000000000000     0x5f0f
 *(.debug_str)
 .debug_str     0x0000000000000000     0x44ff C:/Users/HugElectronica/Desktop/ai-thinker/GPRS_C_SDK/build/gps/init/lib\libinit_debug.a(sdk_init.o)
                                       0x4728 (size before relaxing)
 .debug_str     0x00000000000044ff      0x9b5 C:/Users/HugElectronica/Desktop/ai-thinker/GPRS_C_SDK/build/gps/demo/gps/lib\libgps_debug.a(demo_gps.o)
                                       0x5016 (size before relaxing)
 .debug_str     0x0000000000004eb4      0x89f C:/Users/HugElectronica/Desktop/ai-thinker/GPRS_C_SDK/build/gps/libs/lib\liblibs_debug.a(gps.o)
                                       0x4f2f (size before relaxing)
 .debug_str     0x0000000000005753      0x14a C:/Users/HugElectronica/Desktop/ai-thinker/GPRS_C_SDK/build/gps/libs/lib\liblibs_debug.a(gps_parse.o)
                                        0x627 (size before relaxing)
 .debug_str     0x000000000000589d      0x23d C:/Users/HugElectronica/Desktop/ai-thinker/GPRS_C_SDK/build/gps/libs/lib\liblibs_debug.a(minmea.o)
                                       0x4d1c (size before relaxing)
 .debug_str     0x0000000000005ada       0x55 C:/Users/HugElectronica/Desktop/ai-thinker/GPRS_C_SDK/build/gps/libs/lib\liblibs_debug.a(assert.o)
                                       0x469c (size before relaxing)
 .debug_str     0x0000000000005b2f       0xa7 C:/Users/HugElectronica/Desktop/ai-thinker/GPRS_C_SDK/build/gps/libs/lib\liblibs_debug.a(buffer.o)
                                        0x1ec (size before relaxing)
 .debug_str     0x0000000000005bd6      0x13a C:/Users/HugElectronica/Desktop/ai-thinker/GPRS_C_SDK/platform/lib/gcc/mips-elf/4.4.2\libgcc.a(_sf_to_df.o)
                                        0x1c8 (size before relaxing)
 .debug_str     0x0000000000005d10       0xb7 C:/Users/HugElectronica/Desktop/ai-thinker/GPRS_C_SDK/platform/lib/gcc/mips-elf/4.4.2\libgcc.a(_addsub_df.o)
                                        0x24d (size before relaxing)
 .debug_str     0x0000000000005dc7       0x35 C:/Users/HugElectronica/Desktop/ai-thinker/GPRS_C_SDK/platform/lib/gcc/mips-elf/4.4.2\libgcc.a(_div_df.o)
                                        0x20f (size before relaxing)
 .debug_str     0x0000000000005dfc       0x1e C:/Users/HugElectronica/Desktop/ai-thinker/GPRS_C_SDK/platform/lib/gcc/mips-elf/4.4.2\libgcc.a(_si_to_df.o)
                                        0x1b4 (size before relaxing)
 .debug_str     0x0000000000005e1a        0xa C:/Users/HugElectronica/Desktop/ai-thinker/GPRS_C_SDK/platform/lib/gcc/mips-elf/4.4.2\libgcc.a(_make_df.o)
                                        0x18f (size before relaxing)
 .debug_str     0x0000000000000000      0x179 C:/Users/HugElectronica/Desktop/ai-thinker/GPRS_C_SDK/platform/lib/gcc/mips-elf/4.4.2\libgcc.a(_thenan_df.o)
 .debug_str     0x0000000000005e24       0x81 C:/Users/HugElectronica/Desktop/ai-thinker/GPRS_C_SDK/platform/lib/gcc/mips-elf/4.4.2\libgcc.a(_lshrdi3.o)
                                        0x185 (size before relaxing)
 .debug_str     0x0000000000005ea5        0xa C:/Users/HugElectronica/Desktop/ai-thinker/GPRS_C_SDK/platform/lib/gcc/mips-elf/4.4.2\libgcc.a(_ashldi3.o)
                                        0x185 (size before relaxing)
 .debug_str     0x0000000000005eaf       0x1a C:/Users/HugElectronica/Desktop/ai-thinker/GPRS_C_SDK/platform/lib/gcc/mips-elf/4.4.2\libgcc.a(_ucmpdi2.o)
                                        0x174 (size before relaxing)
 .debug_str     0x0000000000005ec9       0x20 C:/Users/HugElectronica/Desktop/ai-thinker/GPRS_C_SDK/platform/lib/gcc/mips-elf/4.4.2\libgcc.a(_clzsi2.o)
                                        0x165 (size before relaxing)
 .debug_str     0x0000000000005ee9        0xb C:/Users/HugElectronica/Desktop/ai-thinker/GPRS_C_SDK/platform/lib/gcc/mips-elf/4.4.2\libgcc.a(_unpack_sf.o)
                                        0x1b8 (size before relaxing)
 .debug_str     0x0000000000005ef4       0x10 C:/Users/HugElectronica/Desktop/ai-thinker/GPRS_C_SDK/platform/lib/gcc/mips-elf/4.4.2\libgcc.a(_pack_df.o)
                                        0x1dc (size before relaxing)
 .debug_str     0x0000000000005f04        0xb C:/Users/HugElectronica/Desktop/ai-thinker/GPRS_C_SDK/platform/lib/gcc/mips-elf/4.4.2\libgcc.a(_unpack_df.o)
                                        0x1be (size before relaxing)
 .debug_str     0x0000000000000000      0x148 C:/Users/HugElectronica/Desktop/ai-thinker/GPRS_C_SDK/platform/lib/gcc/mips-elf/4.4.2\libgcc.a(_clz.o)

.debug_loc      0x0000000000000000     0x2a94
 *(.debug_loc)
 .debug_loc     0x0000000000000000       0x5c C:/Users/HugElectronica/Desktop/ai-thinker/GPRS_C_SDK/build/gps/init/lib\libinit_debug.a(sdk_init.o)
 .debug_loc     0x000000000000005c      0x14c C:/Users/HugElectronica/Desktop/ai-thinker/GPRS_C_SDK/build/gps/demo/gps/lib\libgps_debug.a(demo_gps.o)
 .debug_loc     0x00000000000001a8      0xef5 C:/Users/HugElectronica/Desktop/ai-thinker/GPRS_C_SDK/build/gps/libs/lib\liblibs_debug.a(gps.o)
 .debug_loc     0x000000000000109d       0xd7 C:/Users/HugElectronica/Desktop/ai-thinker/GPRS_C_SDK/build/gps/libs/lib\liblibs_debug.a(gps_parse.o)
 .debug_loc     0x0000000000001174      0xb8f C:/Users/HugElectronica/Desktop/ai-thinker/GPRS_C_SDK/build/gps/libs/lib\liblibs_debug.a(minmea.o)
 .debug_loc     0x0000000000001d03       0x66 C:/Users/HugElectronica/Desktop/ai-thinker/GPRS_C_SDK/build/gps/libs/lib\liblibs_debug.a(assert.o)
 .debug_loc     0x0000000000001d69      0x277 C:/Users/HugElectronica/Desktop/ai-thinker/GPRS_C_SDK/build/gps/libs/lib\liblibs_debug.a(buffer.o)
 .debug_loc     0x0000000000001fe0       0x32 C:/Users/HugElectronica/Desktop/ai-thinker/GPRS_C_SDK/platform/lib/gcc/mips-elf/4.4.2\libgcc.a(_sf_to_df.o)
 .debug_loc     0x0000000000002012      0x261 C:/Users/HugElectronica/Desktop/ai-thinker/GPRS_C_SDK/platform/lib/gcc/mips-elf/4.4.2\libgcc.a(_addsub_df.o)
 .debug_loc     0x0000000000002273      0x164 C:/Users/HugElectronica/Desktop/ai-thinker/GPRS_C_SDK/platform/lib/gcc/mips-elf/4.4.2\libgcc.a(_div_df.o)
 .debug_loc     0x00000000000023d7       0x90 C:/Users/HugElectronica/Desktop/ai-thinker/GPRS_C_SDK/platform/lib/gcc/mips-elf/4.4.2\libgcc.a(_si_to_df.o)
 .debug_loc     0x0000000000002467       0x7d C:/Users/HugElectronica/Desktop/ai-thinker/GPRS_C_SDK/platform/lib/gcc/mips-elf/4.4.2\libgcc.a(_make_df.o)
 .debug_loc     0x00000000000024e4       0xbd C:/Users/HugElectronica/Desktop/ai-thinker/GPRS_C_SDK/platform/lib/gcc/mips-elf/4.4.2\libgcc.a(_lshrdi3.o)
 .debug_loc     0x00000000000025a1       0xe5 C:/Users/HugElectronica/Desktop/ai-thinker/GPRS_C_SDK/platform/lib/gcc/mips-elf/4.4.2\libgcc.a(_ashldi3.o)
 .debug_loc     0x0000000000002686       0x6f C:/Users/HugElectronica/Desktop/ai-thinker/GPRS_C_SDK/platform/lib/gcc/mips-elf/4.4.2\libgcc.a(_ucmpdi2.o)
 .debug_loc     0x00000000000026f5       0x31 C:/Users/HugElectronica/Desktop/ai-thinker/GPRS_C_SDK/platform/lib/gcc/mips-elf/4.4.2\libgcc.a(_clzsi2.o)
 .debug_loc     0x0000000000002726       0x7b C:/Users/HugElectronica/Desktop/ai-thinker/GPRS_C_SDK/platform/lib/gcc/mips-elf/4.4.2\libgcc.a(_unpack_sf.o)
 .debug_loc     0x00000000000027a1      0x204 C:/Users/HugElectronica/Desktop/ai-thinker/GPRS_C_SDK/platform/lib/gcc/mips-elf/4.4.2\libgcc.a(_pack_df.o)
 .debug_loc     0x00000000000029a5       0xef C:/Users/HugElectronica/Desktop/ai-thinker/GPRS_C_SDK/platform/lib/gcc/mips-elf/4.4.2\libgcc.a(_unpack_df.o)

.debug_macinfo
 *(.debug_macinfo)

.debug_weaknames
 *(.debug_weaknames)

.debug_funcnames
 *(.debug_funcnames)

.debug_typenames
 *(.debug_typenames)

.debug_varnames
 *(.debug_varnames)

.gptab.sdata
 *(.gptab.data)
 *(.gptab.sdata)

.gptab.sbss
 *(.gptab.bss)
 *(.gptab.sbss)

/DISCARD/
 *(.rel.dyn)
 *(.note.GNU-stack)
 *(.eh_frame)
START GROUP
LOAD C:/Users/HugElectronica/Desktop/ai-thinker/GPRS_C_SDK/build/gps/init/lib\libinit_debug.a
LOAD C:/Users/HugElectronica/Desktop/ai-thinker/GPRS_C_SDK/build/gps/libs/lib\liblibs_debug.a
LOAD C:/Users/HugElectronica/Desktop/ai-thinker/GPRS_C_SDK/build/gps/demo/gps/lib\libgps_debug.a
END GROUP
LOAD C:/Users/HugElectronica/Desktop/ai-thinker/GPRS_C_SDK/platform/lib/gcc/mips-elf/4.4.2\libgcc.a
OUTPUT(C:/Users/HugElectronica/Desktop/ai-thinker/GPRS_C_SDK/build/gps//gps.elf elf32-littlemips)

.debug_ranges   0x0000000000000000      0x300
 .debug_ranges  0x0000000000000000       0x20 C:/Users/HugElectronica/Desktop/ai-thinker/GPRS_C_SDK/build/gps/init/lib\libinit_debug.a(sdk_init.o)
 .debug_ranges  0x0000000000000020       0x30 C:/Users/HugElectronica/Desktop/ai-thinker/GPRS_C_SDK/build/gps/demo/gps/lib\libgps_debug.a(demo_gps.o)
 .debug_ranges  0x0000000000000050      0x168 C:/Users/HugElectronica/Desktop/ai-thinker/GPRS_C_SDK/build/gps/libs/lib\liblibs_debug.a(gps.o)
 .debug_ranges  0x00000000000001b8       0x28 C:/Users/HugElectronica/Desktop/ai-thinker/GPRS_C_SDK/build/gps/libs/lib\liblibs_debug.a(gps_parse.o)
 .debug_ranges  0x00000000000001e0       0xa0 C:/Users/HugElectronica/Desktop/ai-thinker/GPRS_C_SDK/build/gps/libs/lib\liblibs_debug.a(minmea.o)
 .debug_ranges  0x0000000000000280       0x18 C:/Users/HugElectronica/Desktop/ai-thinker/GPRS_C_SDK/build/gps/libs/lib\liblibs_debug.a(assert.o)
 .debug_ranges  0x0000000000000298       0x50 C:/Users/HugElectronica/Desktop/ai-thinker/GPRS_C_SDK/build/gps/libs/lib\liblibs_debug.a(buffer.o)
 .debug_ranges  0x00000000000002e8       0x18 C:/Users/HugElectronica/Desktop/ai-thinker/GPRS_C_SDK/platform/lib/gcc/mips-elf/4.4.2\libgcc.a(_si_to_df.o)
